******************************************************************************
             TMS320C2000 Linker PC v20.2.1                     
******************************************************************************
>> Linked Tue May 25 12:27:54 2021

OUTPUT FILE NAME:   <Pruebas_inversorLS2.out>
ENTRY POINT SYMBOL: "code_start"  address: 00000000


MEMORY CONFIGURATION

         name            origin    length      used     unused   attr    fill
----------------------  --------  ---------  --------  --------  ----  --------
PAGE 0:
  BEGIN                 00000000   00000002  00000002  00000000  RWIX
  RAMM0                 00000050   000003b0  00000004  000003ac  RWIX
  RAML0                 00008000   00001000  00000283  00000d7d  RWIX
  RAML1                 00009000   00001000  00000fbb  00000045  RWIX
  RAML2                 0000a000   00001000  00000000  00001000  RWIX
  RAML3                 0000b000   00001000  00000000  00001000  RWIX
  ZONE7A                00200000   0000fc00  00000000  0000fc00  RWIX
  CSM_RSVD              0033ff80   00000076  00000000  00000076  RWIX
  CSM_PWL               0033fff8   00000008  00000000  00000008  RWIX
  ADC_CAL               00380080   00000009  00000007  00000002  RWIX
  IQTABLES              003fe000   00000b50  00000000  00000b50  RWIX
  IQTABLES2             003feb50   0000008c  00000000  0000008c  RWIX
  FPUTABLES             003febdc   000006a0  00000000  000006a0  RWIX
  BOOTROM               003ff27c   00000d44  00000000  00000d44  RWIX
  RESET                 003fffc0   00000002  00000000  00000002  RWIX

PAGE 1:
  BOOT_RSVD             00000002   0000004e  00000000  0000004e  RWIX
  RAMM1                 00000400   00000400  00000200  00000200  RWIX
  DEV_EMU               00000880   00000180  000000d0  000000b0  RWIX
  FLASH_REGS            00000a80   00000060  00000008  00000058  RWIX
  CSM                   00000ae0   00000010  00000010  00000000  RWIX
  ADC_MIRROR            00000b00   00000010  00000010  00000000  RWIX
  XINTF                 00000b20   00000020  0000001e  00000002  RWIX
  CPU_TIMER0            00000c00   00000008  00000008  00000000  RWIX
  CPU_TIMER1            00000c08   00000008  00000008  00000000  RWIX
  CPU_TIMER2            00000c10   00000008  00000008  00000000  RWIX
  PIE_CTRL              00000ce0   00000020  0000001a  00000006  RWIX
  PIE_VECT              00000d00   00000100  00000100  00000000  RWIX
  DMA                   00001000   00000200  000000e0  00000120  RWIX
  MCBSPA                00005000   00000040  00000025  0000001b  RWIX
  MCBSPB                00005040   00000040  00000025  0000001b  RWIX
  ECANA                 00006000   00000040  00000034  0000000c  RWIX
  ECANA_LAM             00006040   00000040  00000040  00000000  RWIX
  ECANA_MOTS            00006080   00000040  00000040  00000000  RWIX
  ECANA_MOTO            000060c0   00000040  00000040  00000000  RWIX
  ECANA_MBOX            00006100   00000100  00000100  00000000  RWIX
  ECANB                 00006200   00000040  00000034  0000000c  RWIX
  ECANB_LAM             00006240   00000040  00000040  00000000  RWIX
  ECANB_MOTS            00006280   00000040  00000040  00000000  RWIX
  ECANB_MOTO            000062c0   00000040  00000040  00000000  RWIX
  ECANB_MBOX            00006300   00000100  00000100  00000000  RWIX
  EPWM1                 00006800   00000022  00000022  00000000  RWIX
  EPWM2                 00006840   00000022  00000022  00000000  RWIX
  EPWM3                 00006880   00000022  00000022  00000000  RWIX
  EPWM4                 000068c0   00000022  00000022  00000000  RWIX
  EPWM5                 00006900   00000022  00000022  00000000  RWIX
  EPWM6                 00006940   00000022  00000022  00000000  RWIX
  ECAP1                 00006a00   00000020  00000020  00000000  RWIX
  ECAP2                 00006a20   00000020  00000020  00000000  RWIX
  ECAP3                 00006a40   00000020  00000020  00000000  RWIX
  ECAP4                 00006a60   00000020  00000020  00000000  RWIX
  ECAP5                 00006a80   00000020  00000020  00000000  RWIX
  ECAP6                 00006aa0   00000020  00000020  00000000  RWIX
  EQEP1                 00006b00   00000040  00000040  00000000  RWIX
  EQEP2                 00006b40   00000040  00000040  00000000  RWIX
  GPIOCTRL              00006f80   00000040  0000002e  00000012  RWIX
  GPIODAT               00006fc0   00000020  00000020  00000000  RWIX
  GPIOINT               00006fe0   00000020  0000000a  00000016  RWIX
  SYSTEM                00007010   00000020  00000020  00000000  RWIX
  SPIA                  00007040   00000010  00000010  00000000  RWIX
  SCIA                  00007050   00000010  00000010  00000000  RWIX
  XINTRUPT              00007070   00000010  00000010  00000000  RWIX
  ADC                   00007100   00000020  0000001e  00000002  RWIX
  SCIB                  00007750   00000010  00000010  00000000  RWIX
  SCIC                  00007770   00000010  00000010  00000000  RWIX
  I2CA                  00007900   00000040  00000022  0000001e  RWIX
  RAML4                 0000c000   00001500  00001010  000004f0  RWIX
  RAML5                 0000d500   00000500  00000000  00000500  RWIX
  RAML6                 0000e000   00001000  00000000  00001000  RWIX
  RAML7                 0000f000   00001000  00000000  00001000  RWIX
  ZONE7B                0020fc00   00000400  00000000  00000400  RWIX
  CSM_PWL               0033fff8   00000008  00000008  00000000  RWIX
  PARTID                00380090   00000001  00000001  00000000  RWIX


SECTION ALLOCATION MAP

 output                                  attributes/
section   page    origin      length       input sections
--------  ----  ----------  ----------   ----------------
codestart 
*          0    00000000    00000002     
                  00000000    00000002     DSP2833x_CodeStartBranch.obj (codestart)

.cinit     0    00008000    00000283     
                  00008000    00000265     main_control_corriente.obj (.cinit)
                  00008265    0000000e     rts2800_fpu32.lib : exit.c.obj (.cinit)
                  00008273    00000005                       : _lock.c.obj (.cinit:__lock)
                  00008278    00000005                       : _lock.c.obj (.cinit:__unlock)
                  0000827d    00000004                       : errno.c.obj (.cinit)
                  00008281    00000002     --HOLE-- [fill = 0]

.pinit     0    00008000    00000000     UNINITIALIZED

.stack     1    00000400    00000200     UNINITIALIZED
                  00000400    00000200     --HOLE--

.ebss      1    0000c000    00001010     UNINITIALIZED
                  0000c000    00000220     main_control_corriente.obj (.ebss)
                  0000c220    00000006     rts2800_fpu32.lib : exit.c.obj (.ebss)
                  0000c226    00000002                       : _lock.c.obj (.ebss:__lock)
                  0000c228    00000002                       : _lock.c.obj (.ebss:__unlock)
                  0000c22a    00000001                       : errno.c.obj (.ebss)
                  0000c22b    00000015     --HOLE--
                  0000c240    00000190     main_control_corriente.obj (.ebss:_buffer_VgridU)
                  0000c3d0    00000030     --HOLE--
                  0000c400    00000190     main_control_corriente.obj (.ebss:_buffer_VgridV)
                  0000c590    00000030     --HOLE--
                  0000c5c0    00000190     main_control_corriente.obj (.ebss:_buffer_VgridW)
                  0000c750    00000030     --HOLE--
                  0000c780    00000190     main_control_corriente.obj (.ebss:_buffer_VinvU)
                  0000c910    00000030     --HOLE--
                  0000c940    00000190     main_control_corriente.obj (.ebss:_buffer_VinvV)
                  0000cad0    00000030     --HOLE--
                  0000cb00    00000190     main_control_corriente.obj (.ebss:_buffer_VinvW)
                  0000cc90    00000030     --HOLE--
                  0000ccc0    00000190     main_control_corriente.obj (.ebss:_buffer_rampa)
                  0000ce50    00000030     --HOLE--
                  0000ce80    00000190     main_control_corriente.obj (.ebss:_buffer_theta)

.reset     0    003fffc0    00000002     DSECT
                  003fffc0    00000002     rts2800_fpu32.lib : boot28.asm.obj (.reset)

csm_rsvd   0    0033ff80    00000000     DSECT

csmpasswds 
*          0    0033fff8    00000000     DSECT

.adc_cal   0    00380080    00000007     NOLOAD SECTION
                  00380080    00000007     DSP2833x_ADC_cal.obj (.adc_cal)

DevEmuRegsFile 
*          1    00000880    000000d0     UNINITIALIZED
                  00000880    000000d0     DSP2833x_GlobalVariableDefs.obj (DevEmuRegsFile)

FlashRegsFile 
*          1    00000a80    00000008     UNINITIALIZED
                  00000a80    00000008     DSP2833x_GlobalVariableDefs.obj (FlashRegsFile)

CsmRegsFile 
*          1    00000ae0    00000010     UNINITIALIZED
                  00000ae0    00000010     DSP2833x_GlobalVariableDefs.obj (CsmRegsFile)

AdcMirrorFile 
*          1    00000b00    00000010     UNINITIALIZED
                  00000b00    00000010     DSP2833x_GlobalVariableDefs.obj (AdcMirrorFile)

XintfRegsFile 
*          1    00000b20    0000001e     UNINITIALIZED
                  00000b20    0000001e     DSP2833x_GlobalVariableDefs.obj (XintfRegsFile)

CpuTimer0RegsFile 
*          1    00000c00    00000008     UNINITIALIZED
                  00000c00    00000008     DSP2833x_GlobalVariableDefs.obj (CpuTimer0RegsFile)

CpuTimer1RegsFile 
*          1    00000c08    00000008     UNINITIALIZED
                  00000c08    00000008     DSP2833x_GlobalVariableDefs.obj (CpuTimer1RegsFile)

CpuTimer2RegsFile 
*          1    00000c10    00000008     UNINITIALIZED
                  00000c10    00000008     DSP2833x_GlobalVariableDefs.obj (CpuTimer2RegsFile)

PieCtrlRegsFile 
*          1    00000ce0    0000001a     UNINITIALIZED
                  00000ce0    0000001a     DSP2833x_GlobalVariableDefs.obj (PieCtrlRegsFile)

PieVectTableFile 
*          1    00000d00    00000100     UNINITIALIZED
                  00000d00    00000100     DSP2833x_GlobalVariableDefs.obj (PieVectTableFile)

DmaRegsFile 
*          1    00001000    000000e0     UNINITIALIZED
                  00001000    000000e0     DSP2833x_GlobalVariableDefs.obj (DmaRegsFile)

McbspaRegsFile 
*          1    00005000    00000025     UNINITIALIZED
                  00005000    00000025     DSP2833x_GlobalVariableDefs.obj (McbspaRegsFile)

McbspbRegsFile 
*          1    00005040    00000025     UNINITIALIZED
                  00005040    00000025     DSP2833x_GlobalVariableDefs.obj (McbspbRegsFile)

ECanaRegsFile 
*          1    00006000    00000034     UNINITIALIZED
                  00006000    00000034     DSP2833x_GlobalVariableDefs.obj (ECanaRegsFile)

ECanaLAMRegsFile 
*          1    00006040    00000040     UNINITIALIZED
                  00006040    00000040     DSP2833x_GlobalVariableDefs.obj (ECanaLAMRegsFile)

ECanaMOTSRegsFile 
*          1    00006080    00000040     UNINITIALIZED
                  00006080    00000040     DSP2833x_GlobalVariableDefs.obj (ECanaMOTSRegsFile)

ECanaMOTORegsFile 
*          1    000060c0    00000040     UNINITIALIZED
                  000060c0    00000040     DSP2833x_GlobalVariableDefs.obj (ECanaMOTORegsFile)

ECanaMboxesFile 
*          1    00006100    00000100     UNINITIALIZED
                  00006100    00000100     DSP2833x_GlobalVariableDefs.obj (ECanaMboxesFile)

ECanbRegsFile 
*          1    00006200    00000034     UNINITIALIZED
                  00006200    00000034     DSP2833x_GlobalVariableDefs.obj (ECanbRegsFile)

ECanbLAMRegsFile 
*          1    00006240    00000040     UNINITIALIZED
                  00006240    00000040     DSP2833x_GlobalVariableDefs.obj (ECanbLAMRegsFile)

ECanbMOTSRegsFile 
*          1    00006280    00000040     UNINITIALIZED
                  00006280    00000040     DSP2833x_GlobalVariableDefs.obj (ECanbMOTSRegsFile)

ECanbMOTORegsFile 
*          1    000062c0    00000040     UNINITIALIZED
                  000062c0    00000040     DSP2833x_GlobalVariableDefs.obj (ECanbMOTORegsFile)

ECanbMboxesFile 
*          1    00006300    00000100     UNINITIALIZED
                  00006300    00000100     DSP2833x_GlobalVariableDefs.obj (ECanbMboxesFile)

EPwm1RegsFile 
*          1    00006800    00000022     UNINITIALIZED
                  00006800    00000022     DSP2833x_GlobalVariableDefs.obj (EPwm1RegsFile)

EPwm2RegsFile 
*          1    00006840    00000022     UNINITIALIZED
                  00006840    00000022     DSP2833x_GlobalVariableDefs.obj (EPwm2RegsFile)

EPwm3RegsFile 
*          1    00006880    00000022     UNINITIALIZED
                  00006880    00000022     DSP2833x_GlobalVariableDefs.obj (EPwm3RegsFile)

EPwm4RegsFile 
*          1    000068c0    00000022     UNINITIALIZED
                  000068c0    00000022     DSP2833x_GlobalVariableDefs.obj (EPwm4RegsFile)

EPwm5RegsFile 
*          1    00006900    00000022     UNINITIALIZED
                  00006900    00000022     DSP2833x_GlobalVariableDefs.obj (EPwm5RegsFile)

EPwm6RegsFile 
*          1    00006940    00000022     UNINITIALIZED
                  00006940    00000022     DSP2833x_GlobalVariableDefs.obj (EPwm6RegsFile)

ECap1RegsFile 
*          1    00006a00    00000020     UNINITIALIZED
                  00006a00    00000020     DSP2833x_GlobalVariableDefs.obj (ECap1RegsFile)

ECap2RegsFile 
*          1    00006a20    00000020     UNINITIALIZED
                  00006a20    00000020     DSP2833x_GlobalVariableDefs.obj (ECap2RegsFile)

ECap3RegsFile 
*          1    00006a40    00000020     UNINITIALIZED
                  00006a40    00000020     DSP2833x_GlobalVariableDefs.obj (ECap3RegsFile)

ECap4RegsFile 
*          1    00006a60    00000020     UNINITIALIZED
                  00006a60    00000020     DSP2833x_GlobalVariableDefs.obj (ECap4RegsFile)

ECap5RegsFile 
*          1    00006a80    00000020     UNINITIALIZED
                  00006a80    00000020     DSP2833x_GlobalVariableDefs.obj (ECap5RegsFile)

ECap6RegsFile 
*          1    00006aa0    00000020     UNINITIALIZED
                  00006aa0    00000020     DSP2833x_GlobalVariableDefs.obj (ECap6RegsFile)

EQep1RegsFile 
*          1    00006b00    00000040     UNINITIALIZED
                  00006b00    00000040     DSP2833x_GlobalVariableDefs.obj (EQep1RegsFile)

EQep2RegsFile 
*          1    00006b40    00000040     UNINITIALIZED
                  00006b40    00000040     DSP2833x_GlobalVariableDefs.obj (EQep2RegsFile)

GpioCtrlRegsFile 
*          1    00006f80    0000002e     UNINITIALIZED
                  00006f80    0000002e     DSP2833x_GlobalVariableDefs.obj (GpioCtrlRegsFile)

GpioDataRegsFile 
*          1    00006fc0    00000020     UNINITIALIZED
                  00006fc0    00000020     DSP2833x_GlobalVariableDefs.obj (GpioDataRegsFile)

GpioIntRegsFile 
*          1    00006fe0    0000000a     UNINITIALIZED
                  00006fe0    0000000a     DSP2833x_GlobalVariableDefs.obj (GpioIntRegsFile)

SysCtrlRegsFile 
*          1    00007010    00000020     UNINITIALIZED
                  00007010    00000020     DSP2833x_GlobalVariableDefs.obj (SysCtrlRegsFile)

SpiaRegsFile 
*          1    00007040    00000010     UNINITIALIZED
                  00007040    00000010     DSP2833x_GlobalVariableDefs.obj (SpiaRegsFile)

SciaRegsFile 
*          1    00007050    00000010     UNINITIALIZED
                  00007050    00000010     DSP2833x_GlobalVariableDefs.obj (SciaRegsFile)

XIntruptRegsFile 
*          1    00007070    00000010     UNINITIALIZED
                  00007070    00000010     DSP2833x_GlobalVariableDefs.obj (XIntruptRegsFile)

AdcRegsFile 
*          1    00007100    0000001e     UNINITIALIZED
                  00007100    0000001e     DSP2833x_GlobalVariableDefs.obj (AdcRegsFile)

ScibRegsFile 
*          1    00007750    00000010     UNINITIALIZED
                  00007750    00000010     DSP2833x_GlobalVariableDefs.obj (ScibRegsFile)

ScicRegsFile 
*          1    00007770    00000010     UNINITIALIZED
                  00007770    00000010     DSP2833x_GlobalVariableDefs.obj (ScicRegsFile)

I2caRegsFile 
*          1    00007900    00000022     UNINITIALIZED
                  00007900    00000022     DSP2833x_GlobalVariableDefs.obj (I2caRegsFile)

CsmPwlFile 
*          1    0033fff8    00000008     UNINITIALIZED
                  0033fff8    00000008     DSP2833x_GlobalVariableDefs.obj (CsmPwlFile)

PartIdRegsFile 
*          1    00380090    00000001     UNINITIALIZED
                  00380090    00000001     DSP2833x_GlobalVariableDefs.obj (PartIdRegsFile)

ramfuncs   0    00000050    00000004     
                  00000050    00000004     DSP2833x_usDelay.obj (ramfuncs)

.text      0    00009000    00000fbb     
                  00009000    00000584     main_control_corriente.obj (.text:retain)
                  00009584    00000316     DSP2833x_DefaultIsr.obj (.text:retain)
                  0000989a    000001c4     HVACI_Sensorless-DevInit_F2833x.obj (.text)
                  00009a5e    00000193     main_control_corriente.obj (.text)
                  00009bf1    0000013d     Mediciones.obj (.text)
                  00009d2e    00000088     rts2800_fpu32.lib : fs_div28.asm.obj (.text)
                  00009db6    00000063                       : s_cosf.c.obj (.text)
                  00009e19    00000059                       : s_sinf.c.obj (.text)
                  00009e72    00000056                       : boot28.asm.obj (.text)
                  00009ec8    00000032     FIR_f32.obj (.text)
                  00009efa    00000029     rts2800_fpu32.lib : exit.c.obj (.text)
                  00009f23    00000001                       : startup.c.obj (.text)
                  00009f24    00000027                       : e_sqrtf.c.obj (.text)
                  00009f4b    00000024                       : cpy_tbl.c.obj (.text)
                  00009f6f    0000001d                       : memcpy.c.obj (.text)
                  00009f8c    00000012                       : args_main.c.obj (.text)
                  00009f9e    0000000a     HVACI_Sensorless-DevInit_F2833x.obj (.text:retain)
                  00009fa8    00000009     rts2800_fpu32.lib : _lock.c.obj (.text)
                  00009fb1    00000008     DSP2833x_CodeStartBranch.obj (.text)
                  00009fb9    00000002     rts2800_fpu32.lib : pre_init.c.obj (.text)

MODULE SUMMARY

       Module                                code   initialized data   uninitialized data
       ------                                ----   ----------------   ------------------
    .\
       main_control_corriente.obj            1815   613                3744              
       DSP2833x_GlobalVariableDefs.obj       0      0                  2679              
       DSP2833x_DefaultIsr.obj               790    0                  0                 
       HVACI_Sensorless-DevInit_F2833x.obj   462    0                  0                 
       Mediciones.obj                        317    0                  0                 
       FIR_f32.obj                           50     0                  0                 
       DSP2833x_CodeStartBranch.obj          10     0                  0                 
       DSP2833x_ADC_cal.obj                  7      0                  0                 
       DSP2833x_usDelay.obj                  4      0                  0                 
    +--+-------------------------------------+------+------------------+--------------------+
       Total:                                3455   613                6423              
                                                                                         
    C:/ti/ccs1011/ccs/tools/compiler/ti-cgt-c2000_20.2.1.LTS/lib/rts2800_fpu32.lib
       fs_div28.asm.obj                      136    0                  0                 
       s_cosf.c.obj                          99     0                  0                 
       s_sinf.c.obj                          89     0                  0                 
       boot28.asm.obj                        86     0                  0                 
       exit.c.obj                            41     14                 6                 
       e_sqrtf.c.obj                         39     0                  0                 
       cpy_tbl.c.obj                         36     0                  0                 
       memcpy.c.obj                          29     0                  0                 
       _lock.c.obj                           9      10                 4                 
       args_main.c.obj                       18     0                  0                 
       errno.c.obj                           0      4                  1                 
       pre_init.c.obj                        2      0                  0                 
       startup.c.obj                         1      0                  0                 
    +--+-------------------------------------+------+------------------+--------------------+
       Total:                                585    28                 11                
                                                                                         
       Stack:                                0      0                  512               
    +--+-------------------------------------+------+------------------+--------------------+
       Grand Total:                          4040   641                6946              


GLOBAL DATA SYMBOLS: SORTED BY DATA PAGE

address     data page           name
--------    ----------------    ----
00000400      10 (00000400)     __stack

00000880      22 (00000880)     _DevEmuRegs

00000a80      2a (00000a80)     _FlashRegs

00000ae0      2b (00000ac0)     _CsmRegs

00000b00      2c (00000b00)     _AdcMirror
00000b20      2c (00000b00)     _XintfRegs

00000c00      30 (00000c00)     _CpuTimer0Regs
00000c08      30 (00000c00)     _CpuTimer1Regs
00000c10      30 (00000c00)     _CpuTimer2Regs

00000ce0      33 (00000cc0)     _PieCtrlRegs

00000d00      34 (00000d00)     _PieVectTable

00001000      40 (00001000)     _DmaRegs

00005000     140 (00005000)     _McbspaRegs

00005040     141 (00005040)     _McbspbRegs

00006000     180 (00006000)     _ECanaRegs

00006040     181 (00006040)     _ECanaLAMRegs

00006080     182 (00006080)     _ECanaMOTSRegs

000060c0     183 (000060c0)     _ECanaMOTORegs

00006100     184 (00006100)     _ECanaMboxes

00006200     188 (00006200)     _ECanbRegs

00006240     189 (00006240)     _ECanbLAMRegs

00006280     18a (00006280)     _ECanbMOTSRegs

000062c0     18b (000062c0)     _ECanbMOTORegs

00006300     18c (00006300)     _ECanbMboxes

00006800     1a0 (00006800)     _EPwm1Regs

00006840     1a1 (00006840)     _EPwm2Regs

00006880     1a2 (00006880)     _EPwm3Regs

000068c0     1a3 (000068c0)     _EPwm4Regs

00006900     1a4 (00006900)     _EPwm5Regs

00006940     1a5 (00006940)     _EPwm6Regs

00006a00     1a8 (00006a00)     _ECap1Regs
00006a20     1a8 (00006a00)     _ECap2Regs

00006a40     1a9 (00006a40)     _ECap3Regs
00006a60     1a9 (00006a40)     _ECap4Regs

00006a80     1aa (00006a80)     _ECap5Regs
00006aa0     1aa (00006a80)     _ECap6Regs

00006b00     1ac (00006b00)     _EQep1Regs

00006b40     1ad (00006b40)     _EQep2Regs

00006f80     1be (00006f80)     _GpioCtrlRegs

00006fc0     1bf (00006fc0)     _GpioDataRegs
00006fe0     1bf (00006fc0)     _GpioIntRegs

00007010     1c0 (00007000)     _SysCtrlRegs

00007040     1c1 (00007040)     _SpiaRegs
00007050     1c1 (00007040)     _SciaRegs
00007070     1c1 (00007040)     _XIntruptRegs

00007100     1c4 (00007100)     _AdcRegs

00007750     1dd (00007740)     _ScibRegs
00007770     1dd (00007740)     _ScicRegs

00007900     1e4 (00007900)     _I2caRegs

0000c000     300 (0000c000)     _Sector
0000c001     300 (0000c000)     _MPeriod
0000c002     300 (0000c000)     _STOP
0000c003     300 (0000c000)     _prueba
0000c004     300 (0000c000)     _I_INST_LIM_FLAG
0000c005     300 (0000c000)     _VDC_FLAG
0000c006     300 (0000c000)     _cuenta
0000c007     300 (0000c000)     _VEFF_FLAG
0000c008     300 (0000c000)     _IEFF_FLAG
0000c009     300 (0000c000)     _cont_ciclos_flag
0000c00a     300 (0000c000)     _EnableFlag
0000c00c     300 (0000c000)     _rc_tmp
0000c00e     300 (0000c000)     _Va
0000c010     300 (0000c000)     _Vb
0000c012     300 (0000c000)     _Vc
0000c014     300 (0000c000)     _t1
0000c016     300 (0000c000)     _t2
0000c018     300 (0000c000)     _temp_sv1
0000c01a     300 (0000c000)     _temp_sv2
0000c01c     300 (0000c000)     _TmpD
0000c01e     300 (0000c000)     _Tmp
0000c020     300 (0000c000)     _Veff_inv
0000c022     300 (0000c000)     _Veff_grid
0000c024     300 (0000c000)     _Veff_sp
0000c026     300 (0000c000)     _Id_sp
0000c028     300 (0000c000)     _Iq_sp
0000c02a     300 (0000c000)     _Ieff_carga
0000c02c     300 (0000c000)     _Ieff_grid
0000c02e     300 (0000c000)     _Imax
0000c030     300 (0000c000)     _frecuencia
0000c032     300 (0000c000)     _gananciaQ
0000c034     300 (0000c000)     _gananciaD
0000c036     300 (0000c000)     _BASE_CURRENT
0000c038     300 (0000c000)     _Vq_inv_filtrada
0000c03a     300 (0000c000)     _Vd_inv_filtrada
0000c03c     300 (0000c000)     _Vq_grid_filtrada
0000c03e     300 (0000c000)     _Vd_grid_filtrada

0000c040     301 (0000c040)     _Iq_grid_filtrada
0000c042     301 (0000c040)     _Id_grid_filtrada
0000c044     301 (0000c040)     _Id_carga_filtrada
0000c046     301 (0000c040)     _Iq_carga_filtrada
0000c048     301 (0000c040)     _VBUS_filtrada
0000c04a     301 (0000c040)     _error
0000c04c     301 (0000c040)     _theta
0000c04e     301 (0000c040)     _VgridU
0000c050     301 (0000c040)     _VgridV
0000c052     301 (0000c040)     _VgridW
0000c054     301 (0000c040)     _VinversorU
0000c056     301 (0000c040)     _VinversorV
0000c058     301 (0000c040)     _VinversorW
0000c05a     301 (0000c040)     _IcargaU
0000c05c     301 (0000c040)     _IcargaV
0000c05e     301 (0000c040)     _IcargaW
0000c060     301 (0000c040)     _IgridU
0000c062     301 (0000c040)     _IgridV
0000c064     301 (0000c040)     _IgridW
0000c066     301 (0000c040)     _IBUS
0000c068     301 (0000c040)     _Vd_grid
0000c06a     301 (0000c040)     _Vq_grid
0000c06c     301 (0000c040)     _Id_grid
0000c06e     301 (0000c040)     _Iq_grid
0000c070     301 (0000c040)     _Vd_inv
0000c072     301 (0000c040)     _Vq_inv
0000c074     301 (0000c040)     _Id_carga
0000c076     301 (0000c040)     _Iq_carga
0000c078     301 (0000c040)     _VBUS
0000c07a     301 (0000c040)     _theta_PLL_sinfiltro
0000c07c     301 (0000c040)     _desfasaje
0000c07e     301 (0000c040)     _a

0000c080     302 (0000c080)     _theta_PLL
0000c082     302 (0000c080)     _B0
0000c084     302 (0000c080)     _B1
0000c086     302 (0000c080)     _Comp
0000c088     302 (0000c080)     _V_D
0000c08a     302 (0000c080)     _V_Q
0000c08c     302 (0000c080)     _ARRANQUE_CON_RED
0000c08e     302 (0000c080)     _pwm1
0000c096     302 (0000c080)     _clarke_tension_salida
0000c09e     302 (0000c080)     _clarke_corriente
0000c0a6     302 (0000c080)     _vectdq
0000c0b0     302 (0000c080)     _rampa

0000c0c0     303 (0000c0c0)     _ipark_SP_tension
0000c0ce     303 (0000c0c0)     _park_tension_salida
0000c0dc     303 (0000c0c0)     _park_corriente
0000c0ea     303 (0000c0c0)     _rc1

0000c100     304 (0000c100)     _rcid
0000c10e     304 (0000c100)     _rciq
0000c11c     304 (0000c100)     _rc_vd_arranque
0000c12a     304 (0000c100)     _volt1

0000c140     305 (0000c140)     _ABC_DQ_Vgrid
0000c154     305 (0000c140)     _ABC_DQ_Igrid
0000c168     305 (0000c140)     _ABC_DQ_Vinversor

0000c180     306 (0000c180)     _ABC_DQ_Icarga
0000c194     306 (0000c180)     _PLL_grid

0000c1c0     307 (0000c1c0)     _pid_vout
0000c1e0     307 (0000c1c0)     _pid_id

0000c200     308 (0000c200)     _pid_iq
0000c220     308 (0000c200)     ___TI_enable_exit_profile_output
0000c222     308 (0000c200)     ___TI_cleanup_ptr
0000c224     308 (0000c200)     ___TI_dtors_ptr
0000c226     308 (0000c200)     __lock
0000c228     308 (0000c200)     __unlock
0000c22a     308 (0000c200)     _errno

0000c240     309 (0000c240)     _buffer_VgridU

0000c400     310 (0000c400)     _buffer_VgridV

0000c5c0     317 (0000c5c0)     _buffer_VgridW

0000c780     31e (0000c780)     _buffer_VinvU

0000c940     325 (0000c940)     _buffer_VinvV

0000cb00     32c (0000cb00)     _buffer_VinvW

0000ccc0     333 (0000ccc0)     _buffer_rampa

0000ce80     33a (0000ce80)     _buffer_theta

0033fff8    cfff (0033ffc0)     _CsmPwl

00380090    e002 (00380080)     _PartIdRegs


GLOBAL SYMBOLS: SORTED ALPHABETICALLY BY Name 

page  address   name                            
----  -------   ----                            
abs   ffffffff  .text                           
0     00009efa  C$$EXIT                         
0     00009d2e  FS$$DIV                         
1     0000c180  _ABC_DQ_Icarga                  
1     0000c154  _ABC_DQ_Igrid                   
1     0000c140  _ABC_DQ_Vgrid                   
1     0000c168  _ABC_DQ_Vinversor               
0     0000966a  _ADCINT_ISR                     
0     00380080  _ADC_cal                        
1     0000c08c  _ARRANQUE_CON_RED               
1     00000b00  _AdcMirror                      
1     00007100  _AdcRegs                        
1     0000c082  _B0                             
1     0000c084  _B1                             
1     0000c036  _BASE_CURRENT                   
1     0000c086  _Comp                           
1     00000c00  _CpuTimer0Regs                  
1     00000c08  _CpuTimer1Regs                  
1     00000c10  _CpuTimer2Regs                  
1     0033fff8  _CsmPwl                         
1     00000ae0  _CsmRegs                        
0     00009598  _DATALOG_ISR                    
0     0000978c  _DINTCH1_ISR                    
0     00009796  _DINTCH2_ISR                    
0     000097a0  _DINTCH3_ISR                    
0     000097aa  _DINTCH4_ISR                    
0     000097b4  _DINTCH5_ISR                    
0     000097be  _DINTCH6_ISR                    
0     00000050  _DSP28x_usDelay                 
1     00000880  _DevEmuRegs                     
0     0000989a  _DeviceInit                     
1     00001000  _DmaRegs                        
0     00009818  _ECAN0INTA_ISR                  
0     0000982c  _ECAN0INTB_ISR                  
0     00009822  _ECAN1INTA_ISR                  
0     00009836  _ECAN1INTB_ISR                  
0     00009700  _ECAP1_INT_ISR                  
0     0000970a  _ECAP2_INT_ISR                  
0     00009714  _ECAP3_INT_ISR                  
0     0000971e  _ECAP4_INT_ISR                  
0     00009728  _ECAP5_INT_ISR                  
0     00009732  _ECAP6_INT_ISR                  
1     00006040  _ECanaLAMRegs                   
1     000060c0  _ECanaMOTORegs                  
1     00006080  _ECanaMOTSRegs                  
1     00006100  _ECanaMboxes                    
1     00006000  _ECanaRegs                      
1     00006240  _ECanbLAMRegs                   
1     000062c0  _ECanbMOTORegs                  
1     00006280  _ECanbMOTSRegs                  
1     00006300  _ECanbMboxes                    
1     00006200  _ECanbRegs                      
1     00006a00  _ECap1Regs                      
1     00006a20  _ECap2Regs                      
1     00006a40  _ECap3Regs                      
1     00006a60  _ECap4Regs                      
1     00006a80  _ECap5Regs                      
1     00006aa0  _ECap6Regs                      
0     000095ac  _EMUINT_ISR                     
0     000096c4  _EPWM1_INT_ISR                  
0     00009688  _EPWM1_TZINT_ISR                
0     000096ce  _EPWM2_INT_ISR                  
0     00009692  _EPWM2_TZINT_ISR                
0     000096d8  _EPWM3_INT_ISR                  
0     0000969c  _EPWM3_TZINT_ISR                
0     000096e2  _EPWM4_INT_ISR                  
0     000096a6  _EPWM4_TZINT_ISR                
0     000096ec  _EPWM5_INT_ISR                  
0     000096b0  _EPWM5_TZINT_ISR                
0     000096f6  _EPWM6_INT_ISR                  
0     000096ba  _EPWM6_TZINT_ISR                
1     00006800  _EPwm1Regs                      
1     00006840  _EPwm2Regs                      
1     00006880  _EPwm3Regs                      
1     000068c0  _EPwm4Regs                      
1     00006900  _EPwm5Regs                      
1     00006940  _EPwm6Regs                      
0     0000973c  _EQEP1_INT_ISR                  
0     00009746  _EQEP2_INT_ISR                  
1     00006b00  _EQep1Regs                      
1     00006b40  _EQep2Regs                      
1     0000c00a  _EnableFlag                     
0     00009ed4  _FIR_FP_calc                    
0     00009ec8  _FIR_FP_init                    
1     00000a80  _FlashRegs                      
1     00006f80  _GpioCtrlRegs                   
1     00006fc0  _GpioDataRegs                   
1     00006fe0  _GpioIntRegs                    
0     000097c8  _I2CINT1A_ISR                   
0     000097d2  _I2CINT2A_ISR                   
1     00007900  _I2caRegs                       
1     0000c066  _IBUS                           
1     0000c008  _IEFF_FLAG                      
0     000095c0  _ILLEGAL_ISR                    
0     00009584  _INT13_ISR                      
0     0000958e  _INT14_ISR                      
0     00009f9e  _ISR_ILLEGAL                    
1     0000c004  _I_INST_LIM_FLAG                
1     0000c05a  _IcargaU                        
1     0000c05c  _IcargaV                        
1     0000c05e  _IcargaW                        
1     0000c074  _Id_carga                       
1     0000c044  _Id_carga_filtrada              
1     0000c06c  _Id_grid                        
1     0000c042  _Id_grid_filtrada               
1     0000c026  _Id_sp                          
1     0000c02a  _Ieff_carga                     
1     0000c02c  _Ieff_grid                      
1     0000c060  _IgridU                         
1     0000c062  _IgridV                         
1     0000c064  _IgridW                         
1     0000c02e  _Imax                           
1     0000c076  _Iq_carga                       
1     0000c046  _Iq_carga_filtrada              
1     0000c06e  _Iq_grid                        
1     0000c040  _Iq_grid_filtrada               
1     0000c028  _Iq_sp                          
0     0000987c  _LUF_ISR                        
0     00009872  _LVF_ISR                        
1     0000c001  _MPeriod                        
0     00009778  _MRINTA_ISR                     
0     00009764  _MRINTB_ISR                     
0     00009782  _MXINTA_ISR                     
0     0000976e  _MXINTB_ISR                     
0     00009000  _MainISR                        
1     00005000  _McbspaRegs                     
1     00005040  _McbspbRegs                     
0     00009bf1  _Mediciones                     
0     00009a4b  _MemCopy                        
0     000095b6  _NMI_ISR                        
0     00009886  _PIE_RESERVED                   
1     0000c194  _PLL_grid                       
0     000099ea  _PLLset                         
1     00380090  _PartIdRegs                     
0     00009a0d  _PieCntlInit                    
1     00000ce0  _PieCtrlRegs                    
1     00000d00  _PieVectTable                   
0     00009a2c  _PieVectTableInit               
0     00009557  _ProteccionExtCorriente         
0     000095a2  _RTOSINT_ISR                    
0     000097f0  _SCIRXINTA_ISR                  
0     00009804  _SCIRXINTB_ISR                  
0     000097dc  _SCIRXINTC_ISR                  
0     000097fa  _SCITXINTA_ISR                  
0     0000980e  _SCITXINTB_ISR                  
0     000097e6  _SCITXINTC_ISR                  
0     00009642  _SEQ1INT_ISR                    
0     0000964c  _SEQ2INT_ISR                    
0     00009750  _SPIRXINTA_ISR                  
0     0000975a  _SPITXINTA_ISR                  
1     0000c002  _STOP                           
1     00007050  _SciaRegs                       
1     00007750  _ScibRegs                       
1     00007770  _ScicRegs                       
1     0000c000  _Sector                         
1     00007040  _SpiaRegs                       
1     00007010  _SysCtrlRegs                    
0     00009674  _TINT0_ISR                      
0     00009be1  _TZ_Clear                       
0     00009bd1  _TZ_Protection                  
1     0000c01e  _Tmp                            
1     0000c01c  _TmpD                           
0     00009624  _USER10_ISR                     
0     0000962e  _USER11_ISR                     
0     00009638  _USER12_ISR                     
0     000095ca  _USER1_ISR                      
0     000095d4  _USER2_ISR                      
0     000095de  _USER3_ISR                      
0     000095e8  _USER4_ISR                      
0     000095f2  _USER5_ISR                      
0     000095fc  _USER6_ISR                      
0     00009606  _USER7_ISR                      
0     00009610  _USER8_ISR                      
0     0000961a  _USER9_ISR                      
1     0000c078  _VBUS                           
1     0000c048  _VBUS_filtrada                  
1     0000c005  _VDC_FLAG                       
1     0000c007  _VEFF_FLAG                      
1     0000c088  _V_D                            
1     0000c08a  _V_Q                            
1     0000c00e  _Va                             
1     0000c010  _Vb                             
1     0000c012  _Vc                             
1     0000c068  _Vd_grid                        
1     0000c03e  _Vd_grid_filtrada               
1     0000c070  _Vd_inv                         
1     0000c03a  _Vd_inv_filtrada                
1     0000c022  _Veff_grid                      
1     0000c020  _Veff_inv                       
1     0000c024  _Veff_sp                        
1     0000c04e  _VgridU                         
1     0000c050  _VgridV                         
1     0000c052  _VgridW                         
1     0000c054  _VinversorU                     
1     0000c056  _VinversorV                     
1     0000c058  _VinversorW                     
1     0000c06a  _Vq_grid                        
1     0000c03c  _Vq_grid_filtrada               
1     0000c072  _Vq_inv                         
1     0000c038  _Vq_inv_filtrada                
0     0000967e  _WAKEINT_ISR                    
0     000099e2  _WDogDisable                    
0     00009656  _XINT1_ISR                      
0     00009660  _XINT2_ISR                      
0     00009840  _XINT3_ISR                      
0     0000984a  _XINT4_ISR                      
0     00009854  _XINT5_ISR                      
0     0000985e  _XINT6_ISR                      
0     00009868  _XINT7_ISR                      
1     00007070  _XIntruptRegs                   
1     00000b20  _XintfRegs                      
1     00000600  __STACK_END                     
abs   00000200  __STACK_SIZE                    
1     0000c222  ___TI_cleanup_ptr               
1     0000c224  ___TI_dtors_ptr                 
1     0000c220  ___TI_enable_exit_profile_output
abs   ffffffff  ___TI_pprof_out_hndl            
abs   ffffffff  ___TI_prof_data_size            
abs   ffffffff  ___TI_prof_data_start           
abs   ffffffff  ___binit__                      
abs   ffffffff  ___c_args__                     
0     00008000  ___cinit__                      
abs   ffffffff  ___etext__                      
abs   ffffffff  ___pinit__                      
abs   ffffffff  ___text__                       
0     00009f8c  __args_main                     
1     0000c226  __lock                          
0     00009fb0  __nop                           
0     00009fac  __register_lock                 
0     00009fa8  __register_unlock               
1     00000400  __stack                         
0     00009f23  __system_post_cinit             
0     00009fb9  __system_pre_init               
1     0000c228  __unlock                        
1     0000c07e  _a                              
0     00009efa  _abort                          
1     0000c240  _buffer_VgridU                  
1     0000c400  _buffer_VgridV                  
1     0000c5c0  _buffer_VgridW                  
1     0000c780  _buffer_VinvU                   
1     0000c940  _buffer_VinvV                   
1     0000cb00  _buffer_VinvW                   
1     0000ccc0  _buffer_rampa                   
1     0000ce80  _buffer_theta                   
0     00009e72  _c_int00                        
1     0000c09e  _clarke_corriente               
1     0000c096  _clarke_tension_salida          
1     0000c009  _cont_ciclos_flag               
0     00009f4b  _copy_in                        
0     00009db6  _cos                            
0     00009db6  _cosf                           
1     0000c006  _cuenta                         
0     00009bc1  _delay_loop                     
1     0000c07c  _desfasaje                      
1     0000c22a  _errno                          
1     0000c04a  _error                          
0     00009efc  _exit                           
1     0000c030  _frecuencia                     
1     0000c034  _gananciaD                      
1     0000c032  _gananciaQ                      
1     0000c0c0  _ipark_SP_tension               
0     00009a5e  _main                           
0     00009f6f  _memcpy                         
1     0000c0dc  _park_corriente                 
1     0000c0ce  _park_tension_salida            
1     0000c1e0  _pid_id                         
1     0000c200  _pid_iq                         
1     0000c1c0  _pid_vout                       
1     0000c003  _prueba                         
1     0000c08e  _pwm1                           
1     0000c0b0  _rampa                          
1     0000c0ea  _rc1                            
1     0000c00c  _rc_tmp                         
1     0000c11c  _rc_vd_arranque                 
1     0000c100  _rcid                           
1     0000c10e  _rciq                           
0     00009890  _rsvd_ISR                       
0     00009e19  _sin                            
0     00009e19  _sinf                           
0     00009f24  _sqrt                           
0     00009f24  _sqrtf                          
1     0000c014  _t1                             
1     0000c016  _t2                             
1     0000c018  _temp_sv1                       
1     0000c01a  _temp_sv2                       
1     0000c04c  _theta                          
1     0000c080  _theta_PLL                      
1     0000c07a  _theta_PLL_sinfiltro            
1     0000c0a6  _vectdq                         
1     0000c12a  _volt1                          
abs   ffffffff  binit                           
0     00008000  cinit                           
0     00000000  code_start                      
abs   ffffffff  etext                           
abs   ffffffff  pinit                           


GLOBAL SYMBOLS: SORTED BY Symbol Address 

page  address   name                            
----  -------   ----                            
0     00000000  code_start                      
0     00000050  _DSP28x_usDelay                 
0     00008000  ___cinit__                      
0     00008000  cinit                           
0     00009000  _MainISR                        
0     00009557  _ProteccionExtCorriente         
0     00009584  _INT13_ISR                      
0     0000958e  _INT14_ISR                      
0     00009598  _DATALOG_ISR                    
0     000095a2  _RTOSINT_ISR                    
0     000095ac  _EMUINT_ISR                     
0     000095b6  _NMI_ISR                        
0     000095c0  _ILLEGAL_ISR                    
0     000095ca  _USER1_ISR                      
0     000095d4  _USER2_ISR                      
0     000095de  _USER3_ISR                      
0     000095e8  _USER4_ISR                      
0     000095f2  _USER5_ISR                      
0     000095fc  _USER6_ISR                      
0     00009606  _USER7_ISR                      
0     00009610  _USER8_ISR                      
0     0000961a  _USER9_ISR                      
0     00009624  _USER10_ISR                     
0     0000962e  _USER11_ISR                     
0     00009638  _USER12_ISR                     
0     00009642  _SEQ1INT_ISR                    
0     0000964c  _SEQ2INT_ISR                    
0     00009656  _XINT1_ISR                      
0     00009660  _XINT2_ISR                      
0     0000966a  _ADCINT_ISR                     
0     00009674  _TINT0_ISR                      
0     0000967e  _WAKEINT_ISR                    
0     00009688  _EPWM1_TZINT_ISR                
0     00009692  _EPWM2_TZINT_ISR                
0     0000969c  _EPWM3_TZINT_ISR                
0     000096a6  _EPWM4_TZINT_ISR                
0     000096b0  _EPWM5_TZINT_ISR                
0     000096ba  _EPWM6_TZINT_ISR                
0     000096c4  _EPWM1_INT_ISR                  
0     000096ce  _EPWM2_INT_ISR                  
0     000096d8  _EPWM3_INT_ISR                  
0     000096e2  _EPWM4_INT_ISR                  
0     000096ec  _EPWM5_INT_ISR                  
0     000096f6  _EPWM6_INT_ISR                  
0     00009700  _ECAP1_INT_ISR                  
0     0000970a  _ECAP2_INT_ISR                  
0     00009714  _ECAP3_INT_ISR                  
0     0000971e  _ECAP4_INT_ISR                  
0     00009728  _ECAP5_INT_ISR                  
0     00009732  _ECAP6_INT_ISR                  
0     0000973c  _EQEP1_INT_ISR                  
0     00009746  _EQEP2_INT_ISR                  
0     00009750  _SPIRXINTA_ISR                  
0     0000975a  _SPITXINTA_ISR                  
0     00009764  _MRINTB_ISR                     
0     0000976e  _MXINTB_ISR                     
0     00009778  _MRINTA_ISR                     
0     00009782  _MXINTA_ISR                     
0     0000978c  _DINTCH1_ISR                    
0     00009796  _DINTCH2_ISR                    
0     000097a0  _DINTCH3_ISR                    
0     000097aa  _DINTCH4_ISR                    
0     000097b4  _DINTCH5_ISR                    
0     000097be  _DINTCH6_ISR                    
0     000097c8  _I2CINT1A_ISR                   
0     000097d2  _I2CINT2A_ISR                   
0     000097dc  _SCIRXINTC_ISR                  
0     000097e6  _SCITXINTC_ISR                  
0     000097f0  _SCIRXINTA_ISR                  
0     000097fa  _SCITXINTA_ISR                  
0     00009804  _SCIRXINTB_ISR                  
0     0000980e  _SCITXINTB_ISR                  
0     00009818  _ECAN0INTA_ISR                  
0     00009822  _ECAN1INTA_ISR                  
0     0000982c  _ECAN0INTB_ISR                  
0     00009836  _ECAN1INTB_ISR                  
0     00009840  _XINT3_ISR                      
0     0000984a  _XINT4_ISR                      
0     00009854  _XINT5_ISR                      
0     0000985e  _XINT6_ISR                      
0     00009868  _XINT7_ISR                      
0     00009872  _LVF_ISR                        
0     0000987c  _LUF_ISR                        
0     00009886  _PIE_RESERVED                   
0     00009890  _rsvd_ISR                       
0     0000989a  _DeviceInit                     
0     000099e2  _WDogDisable                    
0     000099ea  _PLLset                         
0     00009a0d  _PieCntlInit                    
0     00009a2c  _PieVectTableInit               
0     00009a4b  _MemCopy                        
0     00009a5e  _main                           
0     00009bc1  _delay_loop                     
0     00009bd1  _TZ_Protection                  
0     00009be1  _TZ_Clear                       
0     00009bf1  _Mediciones                     
0     00009d2e  FS$$DIV                         
0     00009db6  _cos                            
0     00009db6  _cosf                           
0     00009e19  _sin                            
0     00009e19  _sinf                           
0     00009e72  _c_int00                        
0     00009ec8  _FIR_FP_init                    
0     00009ed4  _FIR_FP_calc                    
0     00009efa  C$$EXIT                         
0     00009efa  _abort                          
0     00009efc  _exit                           
0     00009f23  __system_post_cinit             
0     00009f24  _sqrt                           
0     00009f24  _sqrtf                          
0     00009f4b  _copy_in                        
0     00009f6f  _memcpy                         
0     00009f8c  __args_main                     
0     00009f9e  _ISR_ILLEGAL                    
0     00009fa8  __register_unlock               
0     00009fac  __register_lock                 
0     00009fb0  __nop                           
0     00009fb9  __system_pre_init               
0     00380080  _ADC_cal                        
1     00000400  __stack                         
1     00000600  __STACK_END                     
1     00000880  _DevEmuRegs                     
1     00000a80  _FlashRegs                      
1     00000ae0  _CsmRegs                        
1     00000b00  _AdcMirror                      
1     00000b20  _XintfRegs                      
1     00000c00  _CpuTimer0Regs                  
1     00000c08  _CpuTimer1Regs                  
1     00000c10  _CpuTimer2Regs                  
1     00000ce0  _PieCtrlRegs                    
1     00000d00  _PieVectTable                   
1     00001000  _DmaRegs                        
1     00005000  _McbspaRegs                     
1     00005040  _McbspbRegs                     
1     00006000  _ECanaRegs                      
1     00006040  _ECanaLAMRegs                   
1     00006080  _ECanaMOTSRegs                  
1     000060c0  _ECanaMOTORegs                  
1     00006100  _ECanaMboxes                    
1     00006200  _ECanbRegs                      
1     00006240  _ECanbLAMRegs                   
1     00006280  _ECanbMOTSRegs                  
1     000062c0  _ECanbMOTORegs                  
1     00006300  _ECanbMboxes                    
1     00006800  _EPwm1Regs                      
1     00006840  _EPwm2Regs                      
1     00006880  _EPwm3Regs                      
1     000068c0  _EPwm4Regs                      
1     00006900  _EPwm5Regs                      
1     00006940  _EPwm6Regs                      
1     00006a00  _ECap1Regs                      
1     00006a20  _ECap2Regs                      
1     00006a40  _ECap3Regs                      
1     00006a60  _ECap4Regs                      
1     00006a80  _ECap5Regs                      
1     00006aa0  _ECap6Regs                      
1     00006b00  _EQep1Regs                      
1     00006b40  _EQep2Regs                      
1     00006f80  _GpioCtrlRegs                   
1     00006fc0  _GpioDataRegs                   
1     00006fe0  _GpioIntRegs                    
1     00007010  _SysCtrlRegs                    
1     00007040  _SpiaRegs                       
1     00007050  _SciaRegs                       
1     00007070  _XIntruptRegs                   
1     00007100  _AdcRegs                        
1     00007750  _ScibRegs                       
1     00007770  _ScicRegs                       
1     00007900  _I2caRegs                       
1     0000c000  _Sector                         
1     0000c001  _MPeriod                        
1     0000c002  _STOP                           
1     0000c003  _prueba                         
1     0000c004  _I_INST_LIM_FLAG                
1     0000c005  _VDC_FLAG                       
1     0000c006  _cuenta                         
1     0000c007  _VEFF_FLAG                      
1     0000c008  _IEFF_FLAG                      
1     0000c009  _cont_ciclos_flag               
1     0000c00a  _EnableFlag                     
1     0000c00c  _rc_tmp                         
1     0000c00e  _Va                             
1     0000c010  _Vb                             
1     0000c012  _Vc                             
1     0000c014  _t1                             
1     0000c016  _t2                             
1     0000c018  _temp_sv1                       
1     0000c01a  _temp_sv2                       
1     0000c01c  _TmpD                           
1     0000c01e  _Tmp                            
1     0000c020  _Veff_inv                       
1     0000c022  _Veff_grid                      
1     0000c024  _Veff_sp                        
1     0000c026  _Id_sp                          
1     0000c028  _Iq_sp                          
1     0000c02a  _Ieff_carga                     
1     0000c02c  _Ieff_grid                      
1     0000c02e  _Imax                           
1     0000c030  _frecuencia                     
1     0000c032  _gananciaQ                      
1     0000c034  _gananciaD                      
1     0000c036  _BASE_CURRENT                   
1     0000c038  _Vq_inv_filtrada                
1     0000c03a  _Vd_inv_filtrada                
1     0000c03c  _Vq_grid_filtrada               
1     0000c03e  _Vd_grid_filtrada               
1     0000c040  _Iq_grid_filtrada               
1     0000c042  _Id_grid_filtrada               
1     0000c044  _Id_carga_filtrada              
1     0000c046  _Iq_carga_filtrada              
1     0000c048  _VBUS_filtrada                  
1     0000c04a  _error                          
1     0000c04c  _theta                          
1     0000c04e  _VgridU                         
1     0000c050  _VgridV                         
1     0000c052  _VgridW                         
1     0000c054  _VinversorU                     
1     0000c056  _VinversorV                     
1     0000c058  _VinversorW                     
1     0000c05a  _IcargaU                        
1     0000c05c  _IcargaV                        
1     0000c05e  _IcargaW                        
1     0000c060  _IgridU                         
1     0000c062  _IgridV                         
1     0000c064  _IgridW                         
1     0000c066  _IBUS                           
1     0000c068  _Vd_grid                        
1     0000c06a  _Vq_grid                        
1     0000c06c  _Id_grid                        
1     0000c06e  _Iq_grid                        
1     0000c070  _Vd_inv                         
1     0000c072  _Vq_inv                         
1     0000c074  _Id_carga                       
1     0000c076  _Iq_carga                       
1     0000c078  _VBUS                           
1     0000c07a  _theta_PLL_sinfiltro            
1     0000c07c  _desfasaje                      
1     0000c07e  _a                              
1     0000c080  _theta_PLL                      
1     0000c082  _B0                             
1     0000c084  _B1                             
1     0000c086  _Comp                           
1     0000c088  _V_D                            
1     0000c08a  _V_Q                            
1     0000c08c  _ARRANQUE_CON_RED               
1     0000c08e  _pwm1                           
1     0000c096  _clarke_tension_salida          
1     0000c09e  _clarke_corriente               
1     0000c0a6  _vectdq                         
1     0000c0b0  _rampa                          
1     0000c0c0  _ipark_SP_tension               
1     0000c0ce  _park_tension_salida            
1     0000c0dc  _park_corriente                 
1     0000c0ea  _rc1                            
1     0000c100  _rcid                           
1     0000c10e  _rciq                           
1     0000c11c  _rc_vd_arranque                 
1     0000c12a  _volt1                          
1     0000c140  _ABC_DQ_Vgrid                   
1     0000c154  _ABC_DQ_Igrid                   
1     0000c168  _ABC_DQ_Vinversor               
1     0000c180  _ABC_DQ_Icarga                  
1     0000c194  _PLL_grid                       
1     0000c1c0  _pid_vout                       
1     0000c1e0  _pid_id                         
1     0000c200  _pid_iq                         
1     0000c220  ___TI_enable_exit_profile_output
1     0000c222  ___TI_cleanup_ptr               
1     0000c224  ___TI_dtors_ptr                 
1     0000c226  __lock                          
1     0000c228  __unlock                        
1     0000c22a  _errno                          
1     0000c240  _buffer_VgridU                  
1     0000c400  _buffer_VgridV                  
1     0000c5c0  _buffer_VgridW                  
1     0000c780  _buffer_VinvU                   
1     0000c940  _buffer_VinvV                   
1     0000cb00  _buffer_VinvW                   
1     0000ccc0  _buffer_rampa                   
1     0000ce80  _buffer_theta                   
1     0033fff8  _CsmPwl                         
1     00380090  _PartIdRegs                     
abs   00000200  __STACK_SIZE                    
abs   ffffffff  .text                           
abs   ffffffff  ___TI_pprof_out_hndl            
abs   ffffffff  ___TI_prof_data_size            
abs   ffffffff  ___TI_prof_data_start           
abs   ffffffff  ___binit__                      
abs   ffffffff  ___c_args__                     
abs   ffffffff  ___etext__                      
abs   ffffffff  ___pinit__                      
abs   ffffffff  ___text__                       
abs   ffffffff  binit                           
abs   ffffffff  etext                           
abs   ffffffff  pinit                           

[295 symbols]
