<?xml version="1.0" encoding="ISO-8859-1" ?>
<link_info>
   <banner>TMS320C2000 Linker PC v20.2.1.LTS</banner>
   <copyright>Copyright (c) 1996-2018 Texas Instruments Incorporated</copyright>
   <link_time>0x614a64e0</link_time>
   <link_errors>0x0</link_errors>
   <output_file>Pruebas_inversorLS2.out</output_file>
   <entry_point>
      <name>code_start</name>
      <address>0x0</address>
   </entry_point>
   <input_file_list>
      <input_file id="fl-2">
         <path>.\</path>
         <kind>object</kind>
         <file>DSP2833x_ADC_cal.obj</file>
         <name>DSP2833x_ADC_cal.obj</name>
      </input_file>
      <input_file id="fl-3">
         <path>.\</path>
         <kind>object</kind>
         <file>DSP2833x_CodeStartBranch.obj</file>
         <name>DSP2833x_CodeStartBranch.obj</name>
      </input_file>
      <input_file id="fl-4">
         <path>.\</path>
         <kind>object</kind>
         <file>DSP2833x_DefaultIsr.obj</file>
         <name>DSP2833x_DefaultIsr.obj</name>
      </input_file>
      <input_file id="fl-5">
         <path>.\</path>
         <kind>object</kind>
         <file>DSP2833x_GlobalVariableDefs.obj</file>
         <name>DSP2833x_GlobalVariableDefs.obj</name>
      </input_file>
      <input_file id="fl-6">
         <path>.\</path>
         <kind>object</kind>
         <file>DSP2833x_PieCtrl.obj</file>
         <name>DSP2833x_PieCtrl.obj</name>
      </input_file>
      <input_file id="fl-7">
         <path>.\</path>
         <kind>object</kind>
         <file>DSP2833x_usDelay.obj</file>
         <name>DSP2833x_usDelay.obj</name>
      </input_file>
      <input_file id="fl-8">
         <path>.\</path>
         <kind>object</kind>
         <file>FIR_f32.obj</file>
         <name>FIR_f32.obj</name>
      </input_file>
      <input_file id="fl-9">
         <path>.\</path>
         <kind>object</kind>
         <file>HVACI_Sensorless-DevInit_F2833x.obj</file>
         <name>HVACI_Sensorless-DevInit_F2833x.obj</name>
      </input_file>
      <input_file id="fl-a">
         <path>.\</path>
         <kind>object</kind>
         <file>Mediciones.obj</file>
         <name>Mediciones.obj</name>
      </input_file>
      <input_file id="fl-b">
         <path>.\</path>
         <kind>object</kind>
         <file>TripZoneEnable.obj</file>
         <name>TripZoneEnable.obj</name>
      </input_file>
      <input_file id="fl-c">
         <path>.\</path>
         <kind>object</kind>
         <file>main_control_corriente.obj</file>
         <name>main_control_corriente.obj</name>
      </input_file>
      <input_file id="fl-13">
         <kind>object</kind>
         <file>&lt;internal&gt;</file>
         <name>&lt;internal&gt;</name>
      </input_file>
      <input_file id="fl-14">
         <path>C:\ti\ccs1011\ccs\tools\compiler\ti-cgt-c2000_20.2.1.LTS\lib\</path>
         <kind>archive</kind>
         <file>rts2800_fpu32.lib</file>
         <name>fs_div28.asm.obj</name>
      </input_file>
      <input_file id="fl-15">
         <path>C:\ti\ccs1011\ccs\tools\compiler\ti-cgt-c2000_20.2.1.LTS\lib\</path>
         <kind>archive</kind>
         <file>rts2800_fpu32.lib</file>
         <name>boot28.asm.obj</name>
      </input_file>
      <input_file id="fl-16">
         <path>C:\ti\ccs1011\ccs\tools\compiler\ti-cgt-c2000_20.2.1.LTS\lib\</path>
         <kind>archive</kind>
         <file>rts2800_fpu32.lib</file>
         <name>args_main.c.obj</name>
      </input_file>
      <input_file id="fl-17">
         <path>C:\ti\ccs1011\ccs\tools\compiler\ti-cgt-c2000_20.2.1.LTS\lib\</path>
         <kind>archive</kind>
         <file>rts2800_fpu32.lib</file>
         <name>startup.c.obj</name>
      </input_file>
      <input_file id="fl-18">
         <path>C:\ti\ccs1011\ccs\tools\compiler\ti-cgt-c2000_20.2.1.LTS\lib\</path>
         <kind>archive</kind>
         <file>rts2800_fpu32.lib</file>
         <name>pre_init.c.obj</name>
      </input_file>
      <input_file id="fl-19">
         <path>C:\ti\ccs1011\ccs\tools\compiler\ti-cgt-c2000_20.2.1.LTS\lib\</path>
         <kind>archive</kind>
         <file>rts2800_fpu32.lib</file>
         <name>cpy_tbl.c.obj</name>
      </input_file>
      <input_file id="fl-1a">
         <path>C:\ti\ccs1011\ccs\tools\compiler\ti-cgt-c2000_20.2.1.LTS\lib\</path>
         <kind>archive</kind>
         <file>rts2800_fpu32.lib</file>
         <name>s_cosf.c.obj</name>
      </input_file>
      <input_file id="fl-1b">
         <path>C:\ti\ccs1011\ccs\tools\compiler\ti-cgt-c2000_20.2.1.LTS\lib\</path>
         <kind>archive</kind>
         <file>rts2800_fpu32.lib</file>
         <name>exit.c.obj</name>
      </input_file>
      <input_file id="fl-1c">
         <path>C:\ti\ccs1011\ccs\tools\compiler\ti-cgt-c2000_20.2.1.LTS\lib\</path>
         <kind>archive</kind>
         <file>rts2800_fpu32.lib</file>
         <name>_lock.c.obj</name>
      </input_file>
      <input_file id="fl-1d">
         <path>C:\ti\ccs1011\ccs\tools\compiler\ti-cgt-c2000_20.2.1.LTS\lib\</path>
         <kind>archive</kind>
         <file>rts2800_fpu32.lib</file>
         <name>memcpy.c.obj</name>
      </input_file>
      <input_file id="fl-1e">
         <path>C:\ti\ccs1011\ccs\tools\compiler\ti-cgt-c2000_20.2.1.LTS\lib\</path>
         <kind>archive</kind>
         <file>rts2800_fpu32.lib</file>
         <name>s_sinf.c.obj</name>
      </input_file>
      <input_file id="fl-1f">
         <path>C:\ti\ccs1011\ccs\tools\compiler\ti-cgt-c2000_20.2.1.LTS\lib\</path>
         <kind>archive</kind>
         <file>rts2800_fpu32.lib</file>
         <name>e_sqrtf.c.obj</name>
      </input_file>
      <input_file id="fl-20">
         <path>C:\ti\ccs1011\ccs\tools\compiler\ti-cgt-c2000_20.2.1.LTS\lib\</path>
         <kind>archive</kind>
         <file>rts2800_fpu32.lib</file>
         <name>errno.c.obj</name>
      </input_file>
   </input_file_list>
   <object_component_list>
      <object_component id="oc-4b">
         <name>codestart</name>
         <load_address>0x0</load_address>
         <run_address>0x0</run_address>
         <size>0x2</size>
         <input_file_ref idref="fl-3"/>
      </object_component>
      <object_component id="oc-b2">
         <name>.text:retain</name>
         <load_address>0x9000</load_address>
         <run_address>0x9000</run_address>
         <size>0x4f4</size>
         <input_file_ref idref="fl-c"/>
      </object_component>
      <object_component id="oc-57">
         <name>.text:retain</name>
         <load_address>0x94f4</load_address>
         <run_address>0x94f4</run_address>
         <size>0x316</size>
         <input_file_ref idref="fl-4"/>
      </object_component>
      <object_component id="oc-10d">
         <name>.text</name>
         <load_address>0x980a</load_address>
         <run_address>0x980a</run_address>
         <size>0x1d5</size>
         <input_file_ref idref="fl-9"/>
      </object_component>
      <object_component id="oc-107">
         <name>.text</name>
         <load_address>0x99df</load_address>
         <run_address>0x99df</run_address>
         <size>0x1b5</size>
         <input_file_ref idref="fl-c"/>
      </object_component>
      <object_component id="oc-fb">
         <name>.text</name>
         <load_address>0x9b94</load_address>
         <run_address>0x9b94</run_address>
         <size>0x13d</size>
         <input_file_ref idref="fl-a"/>
      </object_component>
      <object_component id="oc-b7">
         <name>.text</name>
         <load_address>0x9cd1</load_address>
         <run_address>0x9cd1</run_address>
         <size>0x88</size>
         <input_file_ref idref="fl-14"/>
      </object_component>
      <object_component id="oc-fe">
         <name>.text</name>
         <load_address>0x9d59</load_address>
         <run_address>0x9d59</run_address>
         <size>0x63</size>
         <input_file_ref idref="fl-1a"/>
      </object_component>
      <object_component id="oc-fd">
         <name>.text</name>
         <load_address>0x9dbc</load_address>
         <run_address>0x9dbc</run_address>
         <size>0x59</size>
         <input_file_ref idref="fl-1e"/>
      </object_component>
      <object_component id="oc-bc">
         <name>.text</name>
         <load_address>0x9e15</load_address>
         <run_address>0x9e15</run_address>
         <size>0x56</size>
         <input_file_ref idref="fl-15"/>
      </object_component>
      <object_component id="oc-10e">
         <name>.text</name>
         <load_address>0x9e6b</load_address>
         <run_address>0x9e6b</run_address>
         <size>0x3a</size>
         <input_file_ref idref="fl-b"/>
      </object_component>
      <object_component id="oc-9a">
         <name>.text</name>
         <load_address>0x9ea5</load_address>
         <run_address>0x9ea5</run_address>
         <size>0x32</size>
         <input_file_ref idref="fl-8"/>
      </object_component>
      <object_component id="oc-10c">
         <name>.text</name>
         <load_address>0x9ed7</load_address>
         <run_address>0x9ed7</run_address>
         <size>0x29</size>
         <input_file_ref idref="fl-1b"/>
      </object_component>
      <object_component id="oc-fc">
         <name>.text</name>
         <load_address>0x9f00</load_address>
         <run_address>0x9f00</run_address>
         <size>0x27</size>
         <input_file_ref idref="fl-1f"/>
      </object_component>
      <object_component id="oc-109">
         <name>.text</name>
         <load_address>0x9f27</load_address>
         <run_address>0x9f27</run_address>
         <size>0x24</size>
         <input_file_ref idref="fl-19"/>
      </object_component>
      <object_component id="oc-10f">
         <name>.text</name>
         <load_address>0x9f4b</load_address>
         <run_address>0x9f4b</run_address>
         <size>0x1d</size>
         <input_file_ref idref="fl-1d"/>
      </object_component>
      <object_component id="oc-10b">
         <name>.text</name>
         <load_address>0x9f68</load_address>
         <run_address>0x9f68</run_address>
         <size>0x12</size>
         <input_file_ref idref="fl-16"/>
      </object_component>
      <object_component id="oc-a0">
         <name>.text:retain</name>
         <load_address>0x9f7a</load_address>
         <run_address>0x9f7a</run_address>
         <size>0xa</size>
         <input_file_ref idref="fl-9"/>
      </object_component>
      <object_component id="oc-112">
         <name>.text</name>
         <load_address>0x9f84</load_address>
         <run_address>0x9f84</run_address>
         <size>0x9</size>
         <input_file_ref idref="fl-1c"/>
      </object_component>
      <object_component id="oc-51">
         <name>.text</name>
         <load_address>0x9f8d</load_address>
         <run_address>0x9f8d</run_address>
         <size>0x8</size>
         <input_file_ref idref="fl-3"/>
      </object_component>
      <object_component id="oc-108">
         <name>.text</name>
         <load_address>0x9f95</load_address>
         <run_address>0x9f95</run_address>
         <size>0x2</size>
         <input_file_ref idref="fl-18"/>
      </object_component>
      <object_component id="oc-10a">
         <name>.text</name>
         <load_address>0x9f97</load_address>
         <run_address>0x9f97</run_address>
         <size>0x1</size>
         <input_file_ref idref="fl-17"/>
      </object_component>
      <object_component id="oc-b0">
         <name>.cinit</name>
         <load_address>0x8000</load_address>
         <run_address>0x8000</run_address>
         <size>0x265</size>
         <input_file_ref idref="fl-c"/>
      </object_component>
      <object_component id="oc-dd">
         <name>.cinit</name>
         <load_address>0x8265</load_address>
         <run_address>0x8265</run_address>
         <size>0xe</size>
         <input_file_ref idref="fl-1b"/>
      </object_component>
      <object_component id="oc-111">
         <name>.cinit:__lock</name>
         <load_address>0x8273</load_address>
         <run_address>0x8273</run_address>
         <size>0x5</size>
         <input_file_ref idref="fl-1c"/>
      </object_component>
      <object_component id="oc-113">
         <name>.cinit:__unlock</name>
         <load_address>0x8278</load_address>
         <run_address>0x8278</run_address>
         <size>0x5</size>
         <input_file_ref idref="fl-1c"/>
      </object_component>
      <object_component id="oc-f8">
         <name>.cinit</name>
         <load_address>0x827d</load_address>
         <run_address>0x827d</run_address>
         <size>0x4</size>
         <input_file_ref idref="fl-20"/>
      </object_component>
      <object_component id="oc-bd">
         <name>.stack</name>
         <uninitialized>true</uninitialized>
         <run_address>0x400</run_address>
         <size>0x0</size>
         <input_file_ref idref="fl-15"/>
      </object_component>
      <object_component id="oc-16b">
         <name>.stack</name>
         <uninitialized>true</uninitialized>
         <run_address>0x400</run_address>
         <size>0x0</size>
      </object_component>
      <object_component id="oc-b1">
         <name>.ebss</name>
         <uninitialized>true</uninitialized>
         <run_address>0xc000</run_address>
         <size>0x220</size>
         <input_file_ref idref="fl-c"/>
      </object_component>
      <object_component id="oc-103">
         <name>.ebss:_buffer_VinvU</name>
         <uninitialized>true</uninitialized>
         <run_address>0xc780</run_address>
         <size>0x190</size>
         <input_file_ref idref="fl-c"/>
      </object_component>
      <object_component id="oc-102">
         <name>.ebss:_buffer_VinvV</name>
         <uninitialized>true</uninitialized>
         <run_address>0xc940</run_address>
         <size>0x190</size>
         <input_file_ref idref="fl-c"/>
      </object_component>
      <object_component id="oc-101">
         <name>.ebss:_buffer_VinvW</name>
         <uninitialized>true</uninitialized>
         <run_address>0xcb00</run_address>
         <size>0x190</size>
         <input_file_ref idref="fl-c"/>
      </object_component>
      <object_component id="oc-104">
         <name>.ebss:_buffer_VgridW</name>
         <uninitialized>true</uninitialized>
         <run_address>0xc5c0</run_address>
         <size>0x190</size>
         <input_file_ref idref="fl-c"/>
      </object_component>
      <object_component id="oc-105">
         <name>.ebss:_buffer_VgridV</name>
         <uninitialized>true</uninitialized>
         <run_address>0xc400</run_address>
         <size>0x190</size>
         <input_file_ref idref="fl-c"/>
      </object_component>
      <object_component id="oc-106">
         <name>.ebss:_buffer_VgridU</name>
         <uninitialized>true</uninitialized>
         <run_address>0xc240</run_address>
         <size>0x190</size>
         <input_file_ref idref="fl-c"/>
      </object_component>
      <object_component id="oc-ff">
         <name>.ebss:_buffer_theta</name>
         <uninitialized>true</uninitialized>
         <run_address>0xce80</run_address>
         <size>0x190</size>
         <input_file_ref idref="fl-c"/>
      </object_component>
      <object_component id="oc-100">
         <name>.ebss:_buffer_rampa</name>
         <uninitialized>true</uninitialized>
         <run_address>0xccc0</run_address>
         <size>0x190</size>
         <input_file_ref idref="fl-c"/>
      </object_component>
      <object_component id="oc-de">
         <name>.ebss</name>
         <uninitialized>true</uninitialized>
         <run_address>0xc220</run_address>
         <size>0x6</size>
         <input_file_ref idref="fl-1b"/>
      </object_component>
      <object_component id="oc-110">
         <name>.ebss:__lock</name>
         <uninitialized>true</uninitialized>
         <run_address>0xc226</run_address>
         <size>0x2</size>
         <input_file_ref idref="fl-1c"/>
      </object_component>
      <object_component id="oc-114">
         <name>.ebss:__unlock</name>
         <uninitialized>true</uninitialized>
         <run_address>0xc228</run_address>
         <size>0x2</size>
         <input_file_ref idref="fl-1c"/>
      </object_component>
      <object_component id="oc-f9">
         <name>.ebss</name>
         <uninitialized>true</uninitialized>
         <run_address>0xc22a</run_address>
         <size>0x1</size>
         <input_file_ref idref="fl-20"/>
      </object_component>
      <object_component id="oc-be">
         <name>.reset</name>
         <load_address>0x3fffc0</load_address>
         <run_address>0x3fffc0</run_address>
         <size>0x2</size>
         <input_file_ref idref="fl-15"/>
      </object_component>
      <object_component id="oc-4c">
         <name>.adc_cal</name>
         <load_address>0x380080</load_address>
         <run_address>0x380080</run_address>
         <size>0x7</size>
         <input_file_ref idref="fl-2"/>
      </object_component>
      <object_component id="oc-8e">
         <name>PieVectTableFile</name>
         <uninitialized>true</uninitialized>
         <run_address>0xd00</run_address>
         <size>0x100</size>
         <input_file_ref idref="fl-5"/>
      </object_component>
      <object_component id="oc-8a">
         <name>DevEmuRegsFile</name>
         <uninitialized>true</uninitialized>
         <run_address>0x880</run_address>
         <size>0xd0</size>
         <input_file_ref idref="fl-5"/>
      </object_component>
      <object_component id="oc-62">
         <name>FlashRegsFile</name>
         <uninitialized>true</uninitialized>
         <run_address>0xa80</run_address>
         <size>0x8</size>
         <input_file_ref idref="fl-5"/>
      </object_component>
      <object_component id="oc-65">
         <name>CsmRegsFile</name>
         <uninitialized>true</uninitialized>
         <run_address>0xae0</run_address>
         <size>0x10</size>
         <input_file_ref idref="fl-5"/>
      </object_component>
      <object_component id="oc-64">
         <name>AdcMirrorFile</name>
         <uninitialized>true</uninitialized>
         <run_address>0xb00</run_address>
         <size>0x10</size>
         <input_file_ref idref="fl-5"/>
      </object_component>
      <object_component id="oc-6d">
         <name>XintfRegsFile</name>
         <uninitialized>true</uninitialized>
         <run_address>0xb20</run_address>
         <size>0x1e</size>
         <input_file_ref idref="fl-5"/>
      </object_component>
      <object_component id="oc-5e">
         <name>CpuTimer0RegsFile</name>
         <uninitialized>true</uninitialized>
         <run_address>0xc00</run_address>
         <size>0x8</size>
         <input_file_ref idref="fl-5"/>
      </object_component>
      <object_component id="oc-5f">
         <name>CpuTimer1RegsFile</name>
         <uninitialized>true</uninitialized>
         <run_address>0xc08</run_address>
         <size>0x8</size>
         <input_file_ref idref="fl-5"/>
      </object_component>
      <object_component id="oc-60">
         <name>CpuTimer2RegsFile</name>
         <uninitialized>true</uninitialized>
         <run_address>0xc10</run_address>
         <size>0x8</size>
         <input_file_ref idref="fl-5"/>
      </object_component>
      <object_component id="oc-6b">
         <name>PieCtrlRegsFile</name>
         <uninitialized>true</uninitialized>
         <run_address>0xce0</run_address>
         <size>0x1a</size>
         <input_file_ref idref="fl-5"/>
      </object_component>
      <object_component id="oc-8b">
         <name>DmaRegsFile</name>
         <uninitialized>true</uninitialized>
         <run_address>0x1000</run_address>
         <size>0xe0</size>
         <input_file_ref idref="fl-5"/>
      </object_component>
      <object_component id="oc-7d">
         <name>McbspaRegsFile</name>
         <uninitialized>true</uninitialized>
         <run_address>0x5000</run_address>
         <size>0x25</size>
         <input_file_ref idref="fl-5"/>
      </object_component>
      <object_component id="oc-7e">
         <name>McbspbRegsFile</name>
         <uninitialized>true</uninitialized>
         <run_address>0x5040</run_address>
         <size>0x25</size>
         <input_file_ref idref="fl-5"/>
      </object_component>
      <object_component id="oc-80">
         <name>ECanaRegsFile</name>
         <uninitialized>true</uninitialized>
         <run_address>0x6000</run_address>
         <size>0x34</size>
         <input_file_ref idref="fl-5"/>
      </object_component>
      <object_component id="oc-82">
         <name>ECanaLAMRegsFile</name>
         <uninitialized>true</uninitialized>
         <run_address>0x6040</run_address>
         <size>0x40</size>
         <input_file_ref idref="fl-5"/>
      </object_component>
      <object_component id="oc-8c">
         <name>ECanaMboxesFile</name>
         <uninitialized>true</uninitialized>
         <run_address>0x6100</run_address>
         <size>0x100</size>
         <input_file_ref idref="fl-5"/>
      </object_component>
      <object_component id="oc-83">
         <name>ECanaMOTSRegsFile</name>
         <uninitialized>true</uninitialized>
         <run_address>0x6080</run_address>
         <size>0x40</size>
         <input_file_ref idref="fl-5"/>
      </object_component>
      <object_component id="oc-84">
         <name>ECanaMOTORegsFile</name>
         <uninitialized>true</uninitialized>
         <run_address>0x60c0</run_address>
         <size>0x40</size>
         <input_file_ref idref="fl-5"/>
      </object_component>
      <object_component id="oc-81">
         <name>ECanbRegsFile</name>
         <uninitialized>true</uninitialized>
         <run_address>0x6200</run_address>
         <size>0x34</size>
         <input_file_ref idref="fl-5"/>
      </object_component>
      <object_component id="oc-85">
         <name>ECanbLAMRegsFile</name>
         <uninitialized>true</uninitialized>
         <run_address>0x6240</run_address>
         <size>0x40</size>
         <input_file_ref idref="fl-5"/>
      </object_component>
      <object_component id="oc-8d">
         <name>ECanbMboxesFile</name>
         <uninitialized>true</uninitialized>
         <run_address>0x6300</run_address>
         <size>0x100</size>
         <input_file_ref idref="fl-5"/>
      </object_component>
      <object_component id="oc-86">
         <name>ECanbMOTSRegsFile</name>
         <uninitialized>true</uninitialized>
         <run_address>0x6280</run_address>
         <size>0x40</size>
         <input_file_ref idref="fl-5"/>
      </object_component>
      <object_component id="oc-87">
         <name>ECanbMOTORegsFile</name>
         <uninitialized>true</uninitialized>
         <run_address>0x62c0</run_address>
         <size>0x40</size>
         <input_file_ref idref="fl-5"/>
      </object_component>
      <object_component id="oc-76">
         <name>EPwm1RegsFile</name>
         <uninitialized>true</uninitialized>
         <run_address>0x6800</run_address>
         <size>0x22</size>
         <input_file_ref idref="fl-5"/>
      </object_component>
      <object_component id="oc-77">
         <name>EPwm2RegsFile</name>
         <uninitialized>true</uninitialized>
         <run_address>0x6840</run_address>
         <size>0x22</size>
         <input_file_ref idref="fl-5"/>
      </object_component>
      <object_component id="oc-78">
         <name>EPwm3RegsFile</name>
         <uninitialized>true</uninitialized>
         <run_address>0x6880</run_address>
         <size>0x22</size>
         <input_file_ref idref="fl-5"/>
      </object_component>
      <object_component id="oc-79">
         <name>EPwm4RegsFile</name>
         <uninitialized>true</uninitialized>
         <run_address>0x68c0</run_address>
         <size>0x22</size>
         <input_file_ref idref="fl-5"/>
      </object_component>
      <object_component id="oc-7a">
         <name>EPwm5RegsFile</name>
         <uninitialized>true</uninitialized>
         <run_address>0x6900</run_address>
         <size>0x22</size>
         <input_file_ref idref="fl-5"/>
      </object_component>
      <object_component id="oc-7b">
         <name>EPwm6RegsFile</name>
         <uninitialized>true</uninitialized>
         <run_address>0x6940</run_address>
         <size>0x22</size>
         <input_file_ref idref="fl-5"/>
      </object_component>
      <object_component id="oc-6e">
         <name>ECap1RegsFile</name>
         <uninitialized>true</uninitialized>
         <run_address>0x6a00</run_address>
         <size>0x20</size>
         <input_file_ref idref="fl-5"/>
      </object_component>
      <object_component id="oc-6f">
         <name>ECap2RegsFile</name>
         <uninitialized>true</uninitialized>
         <run_address>0x6a20</run_address>
         <size>0x20</size>
         <input_file_ref idref="fl-5"/>
      </object_component>
      <object_component id="oc-70">
         <name>ECap3RegsFile</name>
         <uninitialized>true</uninitialized>
         <run_address>0x6a40</run_address>
         <size>0x20</size>
         <input_file_ref idref="fl-5"/>
      </object_component>
      <object_component id="oc-71">
         <name>ECap4RegsFile</name>
         <uninitialized>true</uninitialized>
         <run_address>0x6a60</run_address>
         <size>0x20</size>
         <input_file_ref idref="fl-5"/>
      </object_component>
      <object_component id="oc-72">
         <name>ECap5RegsFile</name>
         <uninitialized>true</uninitialized>
         <run_address>0x6a80</run_address>
         <size>0x20</size>
         <input_file_ref idref="fl-5"/>
      </object_component>
      <object_component id="oc-73">
         <name>ECap6RegsFile</name>
         <uninitialized>true</uninitialized>
         <run_address>0x6aa0</run_address>
         <size>0x20</size>
         <input_file_ref idref="fl-5"/>
      </object_component>
      <object_component id="oc-88">
         <name>EQep1RegsFile</name>
         <uninitialized>true</uninitialized>
         <run_address>0x6b00</run_address>
         <size>0x40</size>
         <input_file_ref idref="fl-5"/>
      </object_component>
      <object_component id="oc-89">
         <name>EQep2RegsFile</name>
         <uninitialized>true</uninitialized>
         <run_address>0x6b40</run_address>
         <size>0x40</size>
         <input_file_ref idref="fl-5"/>
      </object_component>
      <object_component id="oc-7f">
         <name>GpioCtrlRegsFile</name>
         <uninitialized>true</uninitialized>
         <run_address>0x6f80</run_address>
         <size>0x2e</size>
         <input_file_ref idref="fl-5"/>
      </object_component>
      <object_component id="oc-74">
         <name>GpioDataRegsFile</name>
         <uninitialized>true</uninitialized>
         <run_address>0x6fc0</run_address>
         <size>0x20</size>
         <input_file_ref idref="fl-5"/>
      </object_component>
      <object_component id="oc-63">
         <name>GpioIntRegsFile</name>
         <uninitialized>true</uninitialized>
         <run_address>0x6fe0</run_address>
         <size>0xa</size>
         <input_file_ref idref="fl-5"/>
      </object_component>
      <object_component id="oc-75">
         <name>SysCtrlRegsFile</name>
         <uninitialized>true</uninitialized>
         <run_address>0x7010</run_address>
         <size>0x20</size>
         <input_file_ref idref="fl-5"/>
      </object_component>
      <object_component id="oc-69">
         <name>SpiaRegsFile</name>
         <uninitialized>true</uninitialized>
         <run_address>0x7040</run_address>
         <size>0x10</size>
         <input_file_ref idref="fl-5"/>
      </object_component>
      <object_component id="oc-66">
         <name>SciaRegsFile</name>
         <uninitialized>true</uninitialized>
         <run_address>0x7050</run_address>
         <size>0x10</size>
         <input_file_ref idref="fl-5"/>
      </object_component>
      <object_component id="oc-6a">
         <name>XIntruptRegsFile</name>
         <uninitialized>true</uninitialized>
         <run_address>0x7070</run_address>
         <size>0x10</size>
         <input_file_ref idref="fl-5"/>
      </object_component>
      <object_component id="oc-6c">
         <name>AdcRegsFile</name>
         <uninitialized>true</uninitialized>
         <run_address>0x7100</run_address>
         <size>0x1e</size>
         <input_file_ref idref="fl-5"/>
      </object_component>
      <object_component id="oc-67">
         <name>ScibRegsFile</name>
         <uninitialized>true</uninitialized>
         <run_address>0x7750</run_address>
         <size>0x10</size>
         <input_file_ref idref="fl-5"/>
      </object_component>
      <object_component id="oc-68">
         <name>ScicRegsFile</name>
         <uninitialized>true</uninitialized>
         <run_address>0x7770</run_address>
         <size>0x10</size>
         <input_file_ref idref="fl-5"/>
      </object_component>
      <object_component id="oc-7c">
         <name>I2caRegsFile</name>
         <uninitialized>true</uninitialized>
         <run_address>0x7900</run_address>
         <size>0x22</size>
         <input_file_ref idref="fl-5"/>
      </object_component>
      <object_component id="oc-61">
         <name>CsmPwlFile</name>
         <uninitialized>true</uninitialized>
         <run_address>0x33fff8</run_address>
         <size>0x8</size>
         <input_file_ref idref="fl-5"/>
      </object_component>
      <object_component id="oc-5d">
         <name>PartIdRegsFile</name>
         <uninitialized>true</uninitialized>
         <run_address>0x380090</run_address>
         <size>0x1</size>
         <input_file_ref idref="fl-5"/>
      </object_component>
      <object_component id="oc-4d">
         <name>.debug_line</name>
         <load_address>0x0</load_address>
         <run_address>0x0</run_address>
         <size>0x49</size>
         <input_file_ref idref="fl-2"/>
      </object_component>
      <object_component id="oc-52">
         <name>.debug_line</name>
         <load_address>0x49</load_address>
         <run_address>0x49</run_address>
         <size>0xa3</size>
         <input_file_ref idref="fl-3"/>
      </object_component>
      <object_component id="oc-59">
         <name>.debug_line</name>
         <load_address>0xec</load_address>
         <run_address>0xec</run_address>
         <size>0x790</size>
         <input_file_ref idref="fl-4"/>
      </object_component>
      <object_component id="oc-92">
         <name>.debug_line</name>
         <load_address>0x87c</load_address>
         <run_address>0x87c</run_address>
         <size>0x78</size>
         <input_file_ref idref="fl-6"/>
      </object_component>
      <object_component id="oc-96">
         <name>.debug_line</name>
         <load_address>0x8f4</load_address>
         <run_address>0x8f4</run_address>
         <size>0x8a</size>
         <input_file_ref idref="fl-7"/>
      </object_component>
      <object_component id="oc-9b">
         <name>.debug_line</name>
         <load_address>0x97e</load_address>
         <run_address>0x97e</run_address>
         <size>0x64</size>
         <input_file_ref idref="fl-8"/>
      </object_component>
      <object_component id="oc-a2">
         <name>.debug_line</name>
         <load_address>0x9e2</load_address>
         <run_address>0x9e2</run_address>
         <size>0x1e0</size>
         <input_file_ref idref="fl-9"/>
      </object_component>
      <object_component id="oc-a7">
         <name>.debug_line</name>
         <load_address>0xbc2</load_address>
         <run_address>0xbc2</run_address>
         <size>0x55</size>
         <input_file_ref idref="fl-a"/>
      </object_component>
      <object_component id="oc-ac">
         <name>.debug_line</name>
         <load_address>0xc17</load_address>
         <run_address>0xc17</run_address>
         <size>0x57</size>
         <input_file_ref idref="fl-b"/>
      </object_component>
      <object_component id="oc-b4">
         <name>.debug_line</name>
         <load_address>0xc6e</load_address>
         <run_address>0xc6e</run_address>
         <size>0x208</size>
         <input_file_ref idref="fl-c"/>
      </object_component>
      <object_component id="oc-b9">
         <name>.debug_line</name>
         <load_address>0xe76</load_address>
         <run_address>0xe76</run_address>
         <size>0xad</size>
         <input_file_ref idref="fl-14"/>
      </object_component>
      <object_component id="oc-c0">
         <name>.debug_line</name>
         <load_address>0xf23</load_address>
         <run_address>0xf23</run_address>
         <size>0x7e</size>
         <input_file_ref idref="fl-15"/>
      </object_component>
      <object_component id="oc-c5">
         <name>.debug_line</name>
         <load_address>0xfa1</load_address>
         <run_address>0xfa1</run_address>
         <size>0x4f</size>
         <input_file_ref idref="fl-16"/>
      </object_component>
      <object_component id="oc-ca">
         <name>.debug_line</name>
         <load_address>0xff0</load_address>
         <run_address>0xff0</run_address>
         <size>0x3a</size>
         <input_file_ref idref="fl-17"/>
      </object_component>
      <object_component id="oc-cf">
         <name>.debug_line</name>
         <load_address>0x102a</load_address>
         <run_address>0x102a</run_address>
         <size>0x3e</size>
         <input_file_ref idref="fl-18"/>
      </object_component>
      <object_component id="oc-d4">
         <name>.debug_line</name>
         <load_address>0x1068</load_address>
         <run_address>0x1068</run_address>
         <size>0x50</size>
         <input_file_ref idref="fl-19"/>
      </object_component>
      <object_component id="oc-d9">
         <name>.debug_line</name>
         <load_address>0x10b8</load_address>
         <run_address>0x10b8</run_address>
         <size>0x50</size>
         <input_file_ref idref="fl-1a"/>
      </object_component>
      <object_component id="oc-e0">
         <name>.debug_line</name>
         <load_address>0x1108</load_address>
         <run_address>0x1108</run_address>
         <size>0x65</size>
         <input_file_ref idref="fl-1b"/>
      </object_component>
      <object_component id="oc-e5">
         <name>.debug_line</name>
         <load_address>0x116d</load_address>
         <run_address>0x116d</run_address>
         <size>0x5e</size>
         <input_file_ref idref="fl-1c"/>
      </object_component>
      <object_component id="oc-ea">
         <name>.debug_line</name>
         <load_address>0x11cb</load_address>
         <run_address>0x11cb</run_address>
         <size>0x62</size>
         <input_file_ref idref="fl-1d"/>
      </object_component>
      <object_component id="oc-ef">
         <name>.debug_line</name>
         <load_address>0x122d</load_address>
         <run_address>0x122d</run_address>
         <size>0x60</size>
         <input_file_ref idref="fl-1e"/>
      </object_component>
      <object_component id="oc-f4">
         <name>.debug_line</name>
         <load_address>0x128d</load_address>
         <run_address>0x128d</run_address>
         <size>0x57</size>
         <input_file_ref idref="fl-1f"/>
      </object_component>
      <object_component id="oc-4e">
         <name>.debug_info</name>
         <load_address>0x0</load_address>
         <run_address>0x0</run_address>
         <size>0xf1</size>
         <input_file_ref idref="fl-2"/>
      </object_component>
      <object_component id="oc-53">
         <name>.debug_info</name>
         <load_address>0xf1</load_address>
         <run_address>0xf1</run_address>
         <size>0x1ee</size>
         <input_file_ref idref="fl-3"/>
      </object_component>
      <object_component id="oc-56">
         <name>.debug_info</name>
         <load_address>0x2df</load_address>
         <run_address>0x2df</run_address>
         <size>0x48d2</size>
         <input_file_ref idref="fl-4"/>
      </object_component>
      <object_component id="oc-5c">
         <name>.debug_info</name>
         <load_address>0x4bb1</load_address>
         <run_address>0x4bb1</run_address>
         <size>0x13467</size>
         <input_file_ref idref="fl-5"/>
      </object_component>
      <object_component id="oc-90">
         <name>.debug_info</name>
         <load_address>0x18018</load_address>
         <run_address>0x18018</run_address>
         <size>0xa8b</size>
         <input_file_ref idref="fl-6"/>
      </object_component>
      <object_component id="oc-97">
         <name>.debug_info</name>
         <load_address>0x18aa3</load_address>
         <run_address>0x18aa3</run_address>
         <size>0x175</size>
         <input_file_ref idref="fl-7"/>
      </object_component>
      <object_component id="oc-9c">
         <name>.debug_info</name>
         <load_address>0x18c18</load_address>
         <run_address>0x18c18</run_address>
         <size>0xe6</size>
         <input_file_ref idref="fl-8"/>
      </object_component>
      <object_component id="oc-9f">
         <name>.debug_info</name>
         <load_address>0x18cfe</load_address>
         <run_address>0x18cfe</run_address>
         <size>0x484f</size>
         <input_file_ref idref="fl-9"/>
      </object_component>
      <object_component id="oc-a5">
         <name>.debug_info</name>
         <load_address>0x1d54d</load_address>
         <run_address>0x1d54d</run_address>
         <size>0x721</size>
         <input_file_ref idref="fl-a"/>
      </object_component>
      <object_component id="oc-aa">
         <name>.debug_info</name>
         <load_address>0x1dc6e</load_address>
         <run_address>0x1dc6e</run_address>
         <size>0x1821</size>
         <input_file_ref idref="fl-b"/>
      </object_component>
      <object_component id="oc-af">
         <name>.debug_info</name>
         <load_address>0x1f48f</load_address>
         <run_address>0x1f48f</run_address>
         <size>0x6f60</size>
         <input_file_ref idref="fl-c"/>
      </object_component>
      <object_component id="oc-b8">
         <name>.debug_info</name>
         <load_address>0x263ef</load_address>
         <run_address>0x263ef</run_address>
         <size>0x114</size>
         <input_file_ref idref="fl-14"/>
      </object_component>
      <object_component id="oc-bf">
         <name>.debug_info</name>
         <load_address>0x26503</load_address>
         <run_address>0x26503</run_address>
         <size>0x173</size>
         <input_file_ref idref="fl-15"/>
      </object_component>
      <object_component id="oc-c3">
         <name>.debug_info</name>
         <load_address>0x26676</load_address>
         <run_address>0x26676</run_address>
         <size>0x467</size>
         <input_file_ref idref="fl-16"/>
      </object_component>
      <object_component id="oc-c8">
         <name>.debug_info</name>
         <load_address>0x26add</load_address>
         <run_address>0x26add</run_address>
         <size>0x3aa</size>
         <input_file_ref idref="fl-17"/>
      </object_component>
      <object_component id="oc-cd">
         <name>.debug_info</name>
         <load_address>0x26e87</load_address>
         <run_address>0x26e87</run_address>
         <size>0x3ad</size>
         <input_file_ref idref="fl-18"/>
      </object_component>
      <object_component id="oc-d2">
         <name>.debug_info</name>
         <load_address>0x27234</load_address>
         <run_address>0x27234</run_address>
         <size>0x561</size>
         <input_file_ref idref="fl-19"/>
      </object_component>
      <object_component id="oc-d7">
         <name>.debug_info</name>
         <load_address>0x27795</load_address>
         <run_address>0x27795</run_address>
         <size>0x3cf</size>
         <input_file_ref idref="fl-1a"/>
      </object_component>
      <object_component id="oc-dc">
         <name>.debug_info</name>
         <load_address>0x27b64</load_address>
         <run_address>0x27b64</run_address>
         <size>0x544</size>
         <input_file_ref idref="fl-1b"/>
      </object_component>
      <object_component id="oc-e3">
         <name>.debug_info</name>
         <load_address>0x280a8</load_address>
         <run_address>0x280a8</run_address>
         <size>0x4cc</size>
         <input_file_ref idref="fl-1c"/>
      </object_component>
      <object_component id="oc-e8">
         <name>.debug_info</name>
         <load_address>0x28574</load_address>
         <run_address>0x28574</run_address>
         <size>0x43a</size>
         <input_file_ref idref="fl-1d"/>
      </object_component>
      <object_component id="oc-ed">
         <name>.debug_info</name>
         <load_address>0x289ae</load_address>
         <run_address>0x289ae</run_address>
         <size>0x3e1</size>
         <input_file_ref idref="fl-1e"/>
      </object_component>
      <object_component id="oc-f2">
         <name>.debug_info</name>
         <load_address>0x28d8f</load_address>
         <run_address>0x28d8f</run_address>
         <size>0x3db</size>
         <input_file_ref idref="fl-1f"/>
      </object_component>
      <object_component id="oc-f7">
         <name>.debug_info</name>
         <load_address>0x2916a</load_address>
         <run_address>0x2916a</run_address>
         <size>0x1c6</size>
         <input_file_ref idref="fl-20"/>
      </object_component>
      <object_component id="oc-16d">
         <name>.debug_info</name>
         <load_address>0x29330</load_address>
         <run_address>0x29330</run_address>
         <size>0xaa</size>
      </object_component>
      <object_component id="oc-4f">
         <name>.debug_abbrev</name>
         <load_address>0x0</load_address>
         <run_address>0x0</run_address>
         <size>0x2f</size>
         <input_file_ref idref="fl-2"/>
      </object_component>
      <object_component id="oc-54">
         <name>.debug_abbrev</name>
         <load_address>0x2f</load_address>
         <run_address>0x2f</run_address>
         <size>0x21</size>
         <input_file_ref idref="fl-3"/>
      </object_component>
      <object_component id="oc-5a">
         <name>.debug_abbrev</name>
         <load_address>0x50</load_address>
         <run_address>0x50</run_address>
         <size>0xa8</size>
         <input_file_ref idref="fl-4"/>
      </object_component>
      <object_component id="oc-8f">
         <name>.debug_abbrev</name>
         <load_address>0xf8</load_address>
         <run_address>0xf8</run_address>
         <size>0xb7</size>
         <input_file_ref idref="fl-5"/>
      </object_component>
      <object_component id="oc-93">
         <name>.debug_abbrev</name>
         <load_address>0x1af</load_address>
         <run_address>0x1af</run_address>
         <size>0xc8</size>
         <input_file_ref idref="fl-6"/>
      </object_component>
      <object_component id="oc-98">
         <name>.debug_abbrev</name>
         <load_address>0x277</load_address>
         <run_address>0x277</run_address>
         <size>0x2f</size>
         <input_file_ref idref="fl-7"/>
      </object_component>
      <object_component id="oc-9d">
         <name>.debug_abbrev</name>
         <load_address>0x2a6</load_address>
         <run_address>0x2a6</run_address>
         <size>0x2f</size>
         <input_file_ref idref="fl-8"/>
      </object_component>
      <object_component id="oc-a3">
         <name>.debug_abbrev</name>
         <load_address>0x2d5</load_address>
         <run_address>0x2d5</run_address>
         <size>0x170</size>
         <input_file_ref idref="fl-9"/>
      </object_component>
      <object_component id="oc-a8">
         <name>.debug_abbrev</name>
         <load_address>0x445</load_address>
         <run_address>0x445</run_address>
         <size>0xa9</size>
         <input_file_ref idref="fl-a"/>
      </object_component>
      <object_component id="oc-ad">
         <name>.debug_abbrev</name>
         <load_address>0x4ee</load_address>
         <run_address>0x4ee</run_address>
         <size>0xc8</size>
         <input_file_ref idref="fl-b"/>
      </object_component>
      <object_component id="oc-b5">
         <name>.debug_abbrev</name>
         <load_address>0x5b6</load_address>
         <run_address>0x5b6</run_address>
         <size>0x1c1</size>
         <input_file_ref idref="fl-c"/>
      </object_component>
      <object_component id="oc-ba">
         <name>.debug_abbrev</name>
         <load_address>0x777</load_address>
         <run_address>0x777</run_address>
         <size>0x38</size>
         <input_file_ref idref="fl-14"/>
      </object_component>
      <object_component id="oc-c1">
         <name>.debug_abbrev</name>
         <load_address>0x7af</load_address>
         <run_address>0x7af</run_address>
         <size>0x46</size>
         <input_file_ref idref="fl-15"/>
      </object_component>
      <object_component id="oc-c6">
         <name>.debug_abbrev</name>
         <load_address>0x7f5</load_address>
         <run_address>0x7f5</run_address>
         <size>0xee</size>
         <input_file_ref idref="fl-16"/>
      </object_component>
      <object_component id="oc-cb">
         <name>.debug_abbrev</name>
         <load_address>0x8e3</load_address>
         <run_address>0x8e3</run_address>
         <size>0x66</size>
         <input_file_ref idref="fl-17"/>
      </object_component>
      <object_component id="oc-d0">
         <name>.debug_abbrev</name>
         <load_address>0x949</load_address>
         <run_address>0x949</run_address>
         <size>0x68</size>
         <input_file_ref idref="fl-18"/>
      </object_component>
      <object_component id="oc-d5">
         <name>.debug_abbrev</name>
         <load_address>0x9b1</load_address>
         <run_address>0x9b1</run_address>
         <size>0xe3</size>
         <input_file_ref idref="fl-19"/>
      </object_component>
      <object_component id="oc-da">
         <name>.debug_abbrev</name>
         <load_address>0xa94</load_address>
         <run_address>0xa94</run_address>
         <size>0x84</size>
         <input_file_ref idref="fl-1a"/>
      </object_component>
      <object_component id="oc-e1">
         <name>.debug_abbrev</name>
         <load_address>0xb18</load_address>
         <run_address>0xb18</run_address>
         <size>0x130</size>
         <input_file_ref idref="fl-1b"/>
      </object_component>
      <object_component id="oc-e6">
         <name>.debug_abbrev</name>
         <load_address>0xc48</load_address>
         <run_address>0xc48</run_address>
         <size>0xb2</size>
         <input_file_ref idref="fl-1c"/>
      </object_component>
      <object_component id="oc-eb">
         <name>.debug_abbrev</name>
         <load_address>0xcfa</load_address>
         <run_address>0xcfa</run_address>
         <size>0xa8</size>
         <input_file_ref idref="fl-1d"/>
      </object_component>
      <object_component id="oc-f0">
         <name>.debug_abbrev</name>
         <load_address>0xda2</load_address>
         <run_address>0xda2</run_address>
         <size>0x84</size>
         <input_file_ref idref="fl-1e"/>
      </object_component>
      <object_component id="oc-f5">
         <name>.debug_abbrev</name>
         <load_address>0xe26</load_address>
         <run_address>0xe26</run_address>
         <size>0xa4</size>
         <input_file_ref idref="fl-1f"/>
      </object_component>
      <object_component id="oc-fa">
         <name>.debug_abbrev</name>
         <load_address>0xeca</load_address>
         <run_address>0xeca</run_address>
         <size>0x31</size>
         <input_file_ref idref="fl-20"/>
      </object_component>
      <object_component id="oc-16e">
         <name>.debug_abbrev</name>
         <load_address>0xefb</load_address>
         <run_address>0xefb</run_address>
         <size>0xf</size>
      </object_component>
      <object_component id="oc-50">
         <name>.debug_aranges</name>
         <load_address>0x0</load_address>
         <run_address>0x0</run_address>
         <size>0x20</size>
         <input_file_ref idref="fl-2"/>
      </object_component>
      <object_component id="oc-55">
         <name>.debug_aranges</name>
         <load_address>0x20</load_address>
         <run_address>0x20</run_address>
         <size>0x28</size>
         <input_file_ref idref="fl-3"/>
      </object_component>
      <object_component id="oc-5b">
         <name>.debug_aranges</name>
         <load_address>0x48</load_address>
         <run_address>0x48</run_address>
         <size>0x290</size>
         <input_file_ref idref="fl-4"/>
      </object_component>
      <object_component id="oc-94">
         <name>.debug_aranges</name>
         <load_address>0x2d8</load_address>
         <run_address>0x2d8</run_address>
         <size>0x18</size>
         <input_file_ref idref="fl-6"/>
      </object_component>
      <object_component id="oc-99">
         <name>.debug_aranges</name>
         <load_address>0x2f0</load_address>
         <run_address>0x2f0</run_address>
         <size>0x20</size>
         <input_file_ref idref="fl-7"/>
      </object_component>
      <object_component id="oc-9e">
         <name>.debug_aranges</name>
         <load_address>0x310</load_address>
         <run_address>0x310</run_address>
         <size>0x20</size>
         <input_file_ref idref="fl-8"/>
      </object_component>
      <object_component id="oc-a4">
         <name>.debug_aranges</name>
         <load_address>0x330</load_address>
         <run_address>0x330</run_address>
         <size>0x50</size>
         <input_file_ref idref="fl-9"/>
      </object_component>
      <object_component id="oc-a9">
         <name>.debug_aranges</name>
         <load_address>0x380</load_address>
         <run_address>0x380</run_address>
         <size>0x20</size>
         <input_file_ref idref="fl-a"/>
      </object_component>
      <object_component id="oc-ae">
         <name>.debug_aranges</name>
         <load_address>0x3a0</load_address>
         <run_address>0x3a0</run_address>
         <size>0x20</size>
         <input_file_ref idref="fl-b"/>
      </object_component>
      <object_component id="oc-b6">
         <name>.debug_aranges</name>
         <load_address>0x3c0</load_address>
         <run_address>0x3c0</run_address>
         <size>0x50</size>
         <input_file_ref idref="fl-c"/>
      </object_component>
      <object_component id="oc-bb">
         <name>.debug_aranges</name>
         <load_address>0x410</load_address>
         <run_address>0x410</run_address>
         <size>0x20</size>
         <input_file_ref idref="fl-14"/>
      </object_component>
      <object_component id="oc-c2">
         <name>.debug_aranges</name>
         <load_address>0x430</load_address>
         <run_address>0x430</run_address>
         <size>0x20</size>
         <input_file_ref idref="fl-15"/>
      </object_component>
      <object_component id="oc-c7">
         <name>.debug_aranges</name>
         <load_address>0x450</load_address>
         <run_address>0x450</run_address>
         <size>0x20</size>
         <input_file_ref idref="fl-16"/>
      </object_component>
      <object_component id="oc-cc">
         <name>.debug_aranges</name>
         <load_address>0x470</load_address>
         <run_address>0x470</run_address>
         <size>0x20</size>
         <input_file_ref idref="fl-17"/>
      </object_component>
      <object_component id="oc-d1">
         <name>.debug_aranges</name>
         <load_address>0x490</load_address>
         <run_address>0x490</run_address>
         <size>0x20</size>
         <input_file_ref idref="fl-18"/>
      </object_component>
      <object_component id="oc-d6">
         <name>.debug_aranges</name>
         <load_address>0x4b0</load_address>
         <run_address>0x4b0</run_address>
         <size>0x20</size>
         <input_file_ref idref="fl-19"/>
      </object_component>
      <object_component id="oc-db">
         <name>.debug_aranges</name>
         <load_address>0x4d0</load_address>
         <run_address>0x4d0</run_address>
         <size>0x20</size>
         <input_file_ref idref="fl-1a"/>
      </object_component>
      <object_component id="oc-e2">
         <name>.debug_aranges</name>
         <load_address>0x4f0</load_address>
         <run_address>0x4f0</run_address>
         <size>0x28</size>
         <input_file_ref idref="fl-1b"/>
      </object_component>
      <object_component id="oc-e7">
         <name>.debug_aranges</name>
         <load_address>0x518</load_address>
         <run_address>0x518</run_address>
         <size>0x30</size>
         <input_file_ref idref="fl-1c"/>
      </object_component>
      <object_component id="oc-ec">
         <name>.debug_aranges</name>
         <load_address>0x548</load_address>
         <run_address>0x548</run_address>
         <size>0x20</size>
         <input_file_ref idref="fl-1d"/>
      </object_component>
      <object_component id="oc-f1">
         <name>.debug_aranges</name>
         <load_address>0x568</load_address>
         <run_address>0x568</run_address>
         <size>0x20</size>
         <input_file_ref idref="fl-1e"/>
      </object_component>
      <object_component id="oc-f6">
         <name>.debug_aranges</name>
         <load_address>0x588</load_address>
         <run_address>0x588</run_address>
         <size>0x20</size>
         <input_file_ref idref="fl-1f"/>
      </object_component>
      <object_component id="oc-58">
         <name>.debug_frame</name>
         <load_address>0x0</load_address>
         <run_address>0x0</run_address>
         <size>0xa08</size>
         <input_file_ref idref="fl-4"/>
      </object_component>
      <object_component id="oc-91">
         <name>.debug_frame</name>
         <load_address>0xa08</load_address>
         <run_address>0xa08</run_address>
         <size>0x28</size>
         <input_file_ref idref="fl-6"/>
      </object_component>
      <object_component id="oc-a1">
         <name>.debug_frame</name>
         <load_address>0xa30</load_address>
         <run_address>0xa30</run_address>
         <size>0xe4</size>
         <input_file_ref idref="fl-9"/>
      </object_component>
      <object_component id="oc-a6">
         <name>.debug_frame</name>
         <load_address>0xb14</load_address>
         <run_address>0xb14</run_address>
         <size>0x40</size>
         <input_file_ref idref="fl-a"/>
      </object_component>
      <object_component id="oc-ab">
         <name>.debug_frame</name>
         <load_address>0xb54</load_address>
         <run_address>0xb54</run_address>
         <size>0x40</size>
         <input_file_ref idref="fl-b"/>
      </object_component>
      <object_component id="oc-b3">
         <name>.debug_frame</name>
         <load_address>0xb94</load_address>
         <run_address>0xb94</run_address>
         <size>0x1c4</size>
         <input_file_ref idref="fl-c"/>
      </object_component>
      <object_component id="oc-c4">
         <name>.debug_frame</name>
         <load_address>0xd58</load_address>
         <run_address>0xd58</run_address>
         <size>0x40</size>
         <input_file_ref idref="fl-16"/>
      </object_component>
      <object_component id="oc-c9">
         <name>.debug_frame</name>
         <load_address>0xd98</load_address>
         <run_address>0xd98</run_address>
         <size>0x40</size>
         <input_file_ref idref="fl-17"/>
      </object_component>
      <object_component id="oc-ce">
         <name>.debug_frame</name>
         <load_address>0xdd8</load_address>
         <run_address>0xdd8</run_address>
         <size>0x40</size>
         <input_file_ref idref="fl-18"/>
      </object_component>
      <object_component id="oc-d3">
         <name>.debug_frame</name>
         <load_address>0xe18</load_address>
         <run_address>0xe18</run_address>
         <size>0x60</size>
         <input_file_ref idref="fl-19"/>
      </object_component>
      <object_component id="oc-d8">
         <name>.debug_frame</name>
         <load_address>0xe78</load_address>
         <run_address>0xe78</run_address>
         <size>0x44</size>
         <input_file_ref idref="fl-1a"/>
      </object_component>
      <object_component id="oc-df">
         <name>.debug_frame</name>
         <load_address>0xebc</load_address>
         <run_address>0xebc</run_address>
         <size>0x60</size>
         <input_file_ref idref="fl-1b"/>
      </object_component>
      <object_component id="oc-e4">
         <name>.debug_frame</name>
         <load_address>0xf1c</load_address>
         <run_address>0xf1c</run_address>
         <size>0x70</size>
         <input_file_ref idref="fl-1c"/>
      </object_component>
      <object_component id="oc-e9">
         <name>.debug_frame</name>
         <load_address>0xf8c</load_address>
         <run_address>0xf8c</run_address>
         <size>0x40</size>
         <input_file_ref idref="fl-1d"/>
      </object_component>
      <object_component id="oc-ee">
         <name>.debug_frame</name>
         <load_address>0xfcc</load_address>
         <run_address>0xfcc</run_address>
         <size>0x44</size>
         <input_file_ref idref="fl-1e"/>
      </object_component>
      <object_component id="oc-f3">
         <name>.debug_frame</name>
         <load_address>0x1010</load_address>
         <run_address>0x1010</run_address>
         <size>0x44</size>
         <input_file_ref idref="fl-1f"/>
      </object_component>
      <object_component id="oc-95">
         <name>ramfuncs</name>
         <load_address>0x50</load_address>
         <run_address>0x50</run_address>
         <size>0x4</size>
         <input_file_ref idref="fl-7"/>
      </object_component>
   </object_component_list>
   <logical_group_list>
      <logical_group id="lg-2" display="no" color="cyan">
         <name>codestart</name>
         <load_address>0x0</load_address>
         <run_address>0x0</run_address>
         <size>0x2</size>
         <contents>
            <object_component_ref idref="oc-4b"/>
         </contents>
      </logical_group>
      <logical_group id="lg-3" display="no" color="cyan">
         <name>.TI.ramfunc</name>
         <run_address>0x0</run_address>
         <size>0x0</size>
         <contents>
         </contents>
      </logical_group>
      <logical_group id="lg-16c" display="no" color="cyan">
         <name>.text</name>
         <load_address>0x9000</load_address>
         <run_address>0x9000</run_address>
         <size>0xf98</size>
         <contents>
            <object_component_ref idref="oc-b2"/>
            <object_component_ref idref="oc-57"/>
            <object_component_ref idref="oc-10d"/>
            <object_component_ref idref="oc-107"/>
            <object_component_ref idref="oc-fb"/>
            <object_component_ref idref="oc-b7"/>
            <object_component_ref idref="oc-fe"/>
            <object_component_ref idref="oc-fd"/>
            <object_component_ref idref="oc-bc"/>
            <object_component_ref idref="oc-10e"/>
            <object_component_ref idref="oc-9a"/>
            <object_component_ref idref="oc-10c"/>
            <object_component_ref idref="oc-fc"/>
            <object_component_ref idref="oc-109"/>
            <object_component_ref idref="oc-10f"/>
            <object_component_ref idref="oc-10b"/>
            <object_component_ref idref="oc-a0"/>
            <object_component_ref idref="oc-112"/>
            <object_component_ref idref="oc-51"/>
            <object_component_ref idref="oc-108"/>
            <object_component_ref idref="oc-10a"/>
         </contents>
      </logical_group>
      <split_section id="lg-4" display="no" color="cyan">
         <name>.text</name>
         <contents>
            <logical_group_ref idref="lg-16c"/>
         </contents>
      </split_section>
      <logical_group id="lg-5" display="no" color="cyan">
         <name>.cinit</name>
         <load_address>0x8000</load_address>
         <run_address>0x8000</run_address>
         <size>0x283</size>
         <contents>
            <object_component_ref idref="oc-b0"/>
            <object_component_ref idref="oc-dd"/>
            <object_component_ref idref="oc-111"/>
            <object_component_ref idref="oc-113"/>
            <object_component_ref idref="oc-f8"/>
         </contents>
      </logical_group>
      <logical_group id="lg-6" display="no" color="cyan">
         <name>.pinit</name>
         <run_address>0x0</run_address>
         <size>0x0</size>
         <contents>
         </contents>
      </logical_group>
      <logical_group id="lg-7" display="no" color="cyan">
         <name>.switch</name>
         <run_address>0x0</run_address>
         <size>0x0</size>
         <contents>
         </contents>
      </logical_group>
      <logical_group id="lg-8" display="no" color="cyan">
         <name>.stack</name>
         <run_address>0x400</run_address>
         <size>0x200</size>
         <contents>
            <object_component_ref idref="oc-bd"/>
            <object_component_ref idref="oc-16b"/>
         </contents>
      </logical_group>
      <logical_group id="lg-9" display="no" color="cyan">
         <name>.ebss</name>
         <run_address>0xc000</run_address>
         <size>0x1010</size>
         <contents>
            <object_component_ref idref="oc-b1"/>
            <object_component_ref idref="oc-103"/>
            <object_component_ref idref="oc-102"/>
            <object_component_ref idref="oc-101"/>
            <object_component_ref idref="oc-104"/>
            <object_component_ref idref="oc-105"/>
            <object_component_ref idref="oc-106"/>
            <object_component_ref idref="oc-ff"/>
            <object_component_ref idref="oc-100"/>
            <object_component_ref idref="oc-de"/>
            <object_component_ref idref="oc-110"/>
            <object_component_ref idref="oc-114"/>
            <object_component_ref idref="oc-f9"/>
         </contents>
      </logical_group>
      <logical_group id="lg-a" display="no" color="cyan">
         <name>.econst</name>
         <run_address>0x0</run_address>
         <size>0x0</size>
         <contents>
         </contents>
      </logical_group>
      <logical_group id="lg-b" display="no" color="cyan">
         <name>.esysmem</name>
         <run_address>0x0</run_address>
         <size>0x0</size>
         <contents>
         </contents>
      </logical_group>
      <logical_group id="lg-c" display="no" color="cyan">
         <name>IQmath</name>
         <run_address>0x0</run_address>
         <size>0x0</size>
         <contents>
         </contents>
      </logical_group>
      <logical_group id="lg-d" display="no" color="cyan">
         <name>IQmathTables</name>
         <run_address>0x0</run_address>
         <size>0x0</size>
         <contents>
         </contents>
      </logical_group>
      <logical_group id="lg-e" display="no" color="cyan">
         <name>FPUmathTables</name>
         <run_address>0x0</run_address>
         <size>0x0</size>
         <contents>
         </contents>
      </logical_group>
      <logical_group id="lg-f" display="no" color="cyan">
         <name>DMARAML4</name>
         <run_address>0x0</run_address>
         <size>0x0</size>
         <contents>
         </contents>
      </logical_group>
      <logical_group id="lg-10" display="no" color="cyan">
         <name>DMARAML5</name>
         <run_address>0x0</run_address>
         <size>0x0</size>
         <contents>
         </contents>
      </logical_group>
      <logical_group id="lg-11" display="no" color="cyan">
         <name>DMARAML6</name>
         <run_address>0x0</run_address>
         <size>0x0</size>
         <contents>
         </contents>
      </logical_group>
      <logical_group id="lg-12" display="no" color="cyan">
         <name>DMARAML7</name>
         <run_address>0x0</run_address>
         <size>0x0</size>
         <contents>
         </contents>
      </logical_group>
      <logical_group id="lg-13" display="no" color="cyan">
         <name>ZONE7DATA</name>
         <run_address>0x0</run_address>
         <size>0x0</size>
         <contents>
         </contents>
      </logical_group>
      <logical_group id="lg-14" display="no" color="cyan">
         <name>.reset</name>
         <load_address>0x3fffc0</load_address>
         <run_address>0x3fffc0</run_address>
         <size>0x2</size>
         <contents>
            <object_component_ref idref="oc-be"/>
         </contents>
      </logical_group>
      <logical_group id="lg-15" display="no" color="cyan">
         <name>csm_rsvd</name>
         <run_address>0x33ff80</run_address>
         <size>0x0</size>
         <contents>
         </contents>
      </logical_group>
      <logical_group id="lg-16" display="no" color="cyan">
         <name>csmpasswds</name>
         <run_address>0x33fff8</run_address>
         <size>0x0</size>
         <contents>
         </contents>
      </logical_group>
      <logical_group id="lg-17" display="no" color="cyan">
         <name>.adc_cal</name>
         <load_address>0x380080</load_address>
         <run_address>0x380080</run_address>
         <size>0x7</size>
         <contents>
            <object_component_ref idref="oc-4c"/>
         </contents>
      </logical_group>
      <logical_group id="lg-18" display="no" color="cyan">
         <name>PieVectTableFile</name>
         <run_address>0xd00</run_address>
         <size>0x100</size>
         <contents>
            <object_component_ref idref="oc-8e"/>
         </contents>
      </logical_group>
      <logical_group id="lg-19" display="no" color="cyan">
         <name>DevEmuRegsFile</name>
         <run_address>0x880</run_address>
         <size>0xd0</size>
         <contents>
            <object_component_ref idref="oc-8a"/>
         </contents>
      </logical_group>
      <logical_group id="lg-1a" display="no" color="cyan">
         <name>FlashRegsFile</name>
         <run_address>0xa80</run_address>
         <size>0x8</size>
         <contents>
            <object_component_ref idref="oc-62"/>
         </contents>
      </logical_group>
      <logical_group id="lg-1b" display="no" color="cyan">
         <name>CsmRegsFile</name>
         <run_address>0xae0</run_address>
         <size>0x10</size>
         <contents>
            <object_component_ref idref="oc-65"/>
         </contents>
      </logical_group>
      <logical_group id="lg-1c" display="no" color="cyan">
         <name>AdcMirrorFile</name>
         <run_address>0xb00</run_address>
         <size>0x10</size>
         <contents>
            <object_component_ref idref="oc-64"/>
         </contents>
      </logical_group>
      <logical_group id="lg-1d" display="no" color="cyan">
         <name>XintfRegsFile</name>
         <run_address>0xb20</run_address>
         <size>0x1e</size>
         <contents>
            <object_component_ref idref="oc-6d"/>
         </contents>
      </logical_group>
      <logical_group id="lg-1e" display="no" color="cyan">
         <name>CpuTimer0RegsFile</name>
         <run_address>0xc00</run_address>
         <size>0x8</size>
         <contents>
            <object_component_ref idref="oc-5e"/>
         </contents>
      </logical_group>
      <logical_group id="lg-1f" display="no" color="cyan">
         <name>CpuTimer1RegsFile</name>
         <run_address>0xc08</run_address>
         <size>0x8</size>
         <contents>
            <object_component_ref idref="oc-5f"/>
         </contents>
      </logical_group>
      <logical_group id="lg-20" display="no" color="cyan">
         <name>CpuTimer2RegsFile</name>
         <run_address>0xc10</run_address>
         <size>0x8</size>
         <contents>
            <object_component_ref idref="oc-60"/>
         </contents>
      </logical_group>
      <logical_group id="lg-21" display="no" color="cyan">
         <name>PieCtrlRegsFile</name>
         <run_address>0xce0</run_address>
         <size>0x1a</size>
         <contents>
            <object_component_ref idref="oc-6b"/>
         </contents>
      </logical_group>
      <logical_group id="lg-22" display="no" color="cyan">
         <name>DmaRegsFile</name>
         <run_address>0x1000</run_address>
         <size>0xe0</size>
         <contents>
            <object_component_ref idref="oc-8b"/>
         </contents>
      </logical_group>
      <logical_group id="lg-23" display="no" color="cyan">
         <name>McbspaRegsFile</name>
         <run_address>0x5000</run_address>
         <size>0x25</size>
         <contents>
            <object_component_ref idref="oc-7d"/>
         </contents>
      </logical_group>
      <logical_group id="lg-24" display="no" color="cyan">
         <name>McbspbRegsFile</name>
         <run_address>0x5040</run_address>
         <size>0x25</size>
         <contents>
            <object_component_ref idref="oc-7e"/>
         </contents>
      </logical_group>
      <logical_group id="lg-25" display="no" color="cyan">
         <name>ECanaRegsFile</name>
         <run_address>0x6000</run_address>
         <size>0x34</size>
         <contents>
            <object_component_ref idref="oc-80"/>
         </contents>
      </logical_group>
      <logical_group id="lg-26" display="no" color="cyan">
         <name>ECanaLAMRegsFile</name>
         <run_address>0x6040</run_address>
         <size>0x40</size>
         <contents>
            <object_component_ref idref="oc-82"/>
         </contents>
      </logical_group>
      <logical_group id="lg-27" display="no" color="cyan">
         <name>ECanaMboxesFile</name>
         <run_address>0x6100</run_address>
         <size>0x100</size>
         <contents>
            <object_component_ref idref="oc-8c"/>
         </contents>
      </logical_group>
      <logical_group id="lg-28" display="no" color="cyan">
         <name>ECanaMOTSRegsFile</name>
         <run_address>0x6080</run_address>
         <size>0x40</size>
         <contents>
            <object_component_ref idref="oc-83"/>
         </contents>
      </logical_group>
      <logical_group id="lg-29" display="no" color="cyan">
         <name>ECanaMOTORegsFile</name>
         <run_address>0x60c0</run_address>
         <size>0x40</size>
         <contents>
            <object_component_ref idref="oc-84"/>
         </contents>
      </logical_group>
      <logical_group id="lg-2a" display="no" color="cyan">
         <name>ECanbRegsFile</name>
         <run_address>0x6200</run_address>
         <size>0x34</size>
         <contents>
            <object_component_ref idref="oc-81"/>
         </contents>
      </logical_group>
      <logical_group id="lg-2b" display="no" color="cyan">
         <name>ECanbLAMRegsFile</name>
         <run_address>0x6240</run_address>
         <size>0x40</size>
         <contents>
            <object_component_ref idref="oc-85"/>
         </contents>
      </logical_group>
      <logical_group id="lg-2c" display="no" color="cyan">
         <name>ECanbMboxesFile</name>
         <run_address>0x6300</run_address>
         <size>0x100</size>
         <contents>
            <object_component_ref idref="oc-8d"/>
         </contents>
      </logical_group>
      <logical_group id="lg-2d" display="no" color="cyan">
         <name>ECanbMOTSRegsFile</name>
         <run_address>0x6280</run_address>
         <size>0x40</size>
         <contents>
            <object_component_ref idref="oc-86"/>
         </contents>
      </logical_group>
      <logical_group id="lg-2e" display="no" color="cyan">
         <name>ECanbMOTORegsFile</name>
         <run_address>0x62c0</run_address>
         <size>0x40</size>
         <contents>
            <object_component_ref idref="oc-87"/>
         </contents>
      </logical_group>
      <logical_group id="lg-2f" display="no" color="cyan">
         <name>EPwm1RegsFile</name>
         <run_address>0x6800</run_address>
         <size>0x22</size>
         <contents>
            <object_component_ref idref="oc-76"/>
         </contents>
      </logical_group>
      <logical_group id="lg-30" display="no" color="cyan">
         <name>EPwm2RegsFile</name>
         <run_address>0x6840</run_address>
         <size>0x22</size>
         <contents>
            <object_component_ref idref="oc-77"/>
         </contents>
      </logical_group>
      <logical_group id="lg-31" display="no" color="cyan">
         <name>EPwm3RegsFile</name>
         <run_address>0x6880</run_address>
         <size>0x22</size>
         <contents>
            <object_component_ref idref="oc-78"/>
         </contents>
      </logical_group>
      <logical_group id="lg-32" display="no" color="cyan">
         <name>EPwm4RegsFile</name>
         <run_address>0x68c0</run_address>
         <size>0x22</size>
         <contents>
            <object_component_ref idref="oc-79"/>
         </contents>
      </logical_group>
      <logical_group id="lg-33" display="no" color="cyan">
         <name>EPwm5RegsFile</name>
         <run_address>0x6900</run_address>
         <size>0x22</size>
         <contents>
            <object_component_ref idref="oc-7a"/>
         </contents>
      </logical_group>
      <logical_group id="lg-34" display="no" color="cyan">
         <name>EPwm6RegsFile</name>
         <run_address>0x6940</run_address>
         <size>0x22</size>
         <contents>
            <object_component_ref idref="oc-7b"/>
         </contents>
      </logical_group>
      <logical_group id="lg-35" display="no" color="cyan">
         <name>ECap1RegsFile</name>
         <run_address>0x6a00</run_address>
         <size>0x20</size>
         <contents>
            <object_component_ref idref="oc-6e"/>
         </contents>
      </logical_group>
      <logical_group id="lg-36" display="no" color="cyan">
         <name>ECap2RegsFile</name>
         <run_address>0x6a20</run_address>
         <size>0x20</size>
         <contents>
            <object_component_ref idref="oc-6f"/>
         </contents>
      </logical_group>
      <logical_group id="lg-37" display="no" color="cyan">
         <name>ECap3RegsFile</name>
         <run_address>0x6a40</run_address>
         <size>0x20</size>
         <contents>
            <object_component_ref idref="oc-70"/>
         </contents>
      </logical_group>
      <logical_group id="lg-38" display="no" color="cyan">
         <name>ECap4RegsFile</name>
         <run_address>0x6a60</run_address>
         <size>0x20</size>
         <contents>
            <object_component_ref idref="oc-71"/>
         </contents>
      </logical_group>
      <logical_group id="lg-39" display="no" color="cyan">
         <name>ECap5RegsFile</name>
         <run_address>0x6a80</run_address>
         <size>0x20</size>
         <contents>
            <object_component_ref idref="oc-72"/>
         </contents>
      </logical_group>
      <logical_group id="lg-3a" display="no" color="cyan">
         <name>ECap6RegsFile</name>
         <run_address>0x6aa0</run_address>
         <size>0x20</size>
         <contents>
            <object_component_ref idref="oc-73"/>
         </contents>
      </logical_group>
      <logical_group id="lg-3b" display="no" color="cyan">
         <name>EQep1RegsFile</name>
         <run_address>0x6b00</run_address>
         <size>0x40</size>
         <contents>
            <object_component_ref idref="oc-88"/>
         </contents>
      </logical_group>
      <logical_group id="lg-3c" display="no" color="cyan">
         <name>EQep2RegsFile</name>
         <run_address>0x6b40</run_address>
         <size>0x40</size>
         <contents>
            <object_component_ref idref="oc-89"/>
         </contents>
      </logical_group>
      <logical_group id="lg-3d" display="no" color="cyan">
         <name>GpioCtrlRegsFile</name>
         <run_address>0x6f80</run_address>
         <size>0x2e</size>
         <contents>
            <object_component_ref idref="oc-7f"/>
         </contents>
      </logical_group>
      <logical_group id="lg-3e" display="no" color="cyan">
         <name>GpioDataRegsFile</name>
         <run_address>0x6fc0</run_address>
         <size>0x20</size>
         <contents>
            <object_component_ref idref="oc-74"/>
         </contents>
      </logical_group>
      <logical_group id="lg-3f" display="no" color="cyan">
         <name>GpioIntRegsFile</name>
         <run_address>0x6fe0</run_address>
         <size>0xa</size>
         <contents>
            <object_component_ref idref="oc-63"/>
         </contents>
      </logical_group>
      <logical_group id="lg-40" display="no" color="cyan">
         <name>SysCtrlRegsFile</name>
         <run_address>0x7010</run_address>
         <size>0x20</size>
         <contents>
            <object_component_ref idref="oc-75"/>
         </contents>
      </logical_group>
      <logical_group id="lg-41" display="no" color="cyan">
         <name>SpiaRegsFile</name>
         <run_address>0x7040</run_address>
         <size>0x10</size>
         <contents>
            <object_component_ref idref="oc-69"/>
         </contents>
      </logical_group>
      <logical_group id="lg-42" display="no" color="cyan">
         <name>SciaRegsFile</name>
         <run_address>0x7050</run_address>
         <size>0x10</size>
         <contents>
            <object_component_ref idref="oc-66"/>
         </contents>
      </logical_group>
      <logical_group id="lg-43" display="no" color="cyan">
         <name>XIntruptRegsFile</name>
         <run_address>0x7070</run_address>
         <size>0x10</size>
         <contents>
            <object_component_ref idref="oc-6a"/>
         </contents>
      </logical_group>
      <logical_group id="lg-44" display="no" color="cyan">
         <name>AdcRegsFile</name>
         <run_address>0x7100</run_address>
         <size>0x1e</size>
         <contents>
            <object_component_ref idref="oc-6c"/>
         </contents>
      </logical_group>
      <logical_group id="lg-45" display="no" color="cyan">
         <name>ScibRegsFile</name>
         <run_address>0x7750</run_address>
         <size>0x10</size>
         <contents>
            <object_component_ref idref="oc-67"/>
         </contents>
      </logical_group>
      <logical_group id="lg-46" display="no" color="cyan">
         <name>ScicRegsFile</name>
         <run_address>0x7770</run_address>
         <size>0x10</size>
         <contents>
            <object_component_ref idref="oc-68"/>
         </contents>
      </logical_group>
      <logical_group id="lg-47" display="no" color="cyan">
         <name>I2caRegsFile</name>
         <run_address>0x7900</run_address>
         <size>0x22</size>
         <contents>
            <object_component_ref idref="oc-7c"/>
         </contents>
      </logical_group>
      <logical_group id="lg-48" display="no" color="cyan">
         <name>CsmPwlFile</name>
         <run_address>0x33fff8</run_address>
         <size>0x8</size>
         <contents>
            <object_component_ref idref="oc-61"/>
         </contents>
      </logical_group>
      <logical_group id="lg-49" display="no" color="cyan">
         <name>PartIdRegsFile</name>
         <run_address>0x380090</run_address>
         <size>0x1</size>
         <contents>
            <object_component_ref idref="oc-5d"/>
         </contents>
      </logical_group>
      <logical_group id="lg-15d" display="never" color="cyan">
         <name>.debug_line</name>
         <load_address>0x0</load_address>
         <run_address>0x0</run_address>
         <size>0x12e4</size>
         <contents>
            <object_component_ref idref="oc-4d"/>
            <object_component_ref idref="oc-52"/>
            <object_component_ref idref="oc-59"/>
            <object_component_ref idref="oc-92"/>
            <object_component_ref idref="oc-96"/>
            <object_component_ref idref="oc-9b"/>
            <object_component_ref idref="oc-a2"/>
            <object_component_ref idref="oc-a7"/>
            <object_component_ref idref="oc-ac"/>
            <object_component_ref idref="oc-b4"/>
            <object_component_ref idref="oc-b9"/>
            <object_component_ref idref="oc-c0"/>
            <object_component_ref idref="oc-c5"/>
            <object_component_ref idref="oc-ca"/>
            <object_component_ref idref="oc-cf"/>
            <object_component_ref idref="oc-d4"/>
[...]
      </symbol>
      <symbol id="sm-2bf">
         <name>_pid_id</name>
         <value>0xc1e0</value>
         <object_component_ref idref="oc-b1"/>
      </symbol>
      <symbol id="sm-2c0">
         <name>_VBUS_filtrada</name>
         <value>0xc04a</value>
         <object_component_ref idref="oc-b1"/>
      </symbol>
      <symbol id="sm-2c1">
         <name>_cuenta</name>
         <value>0xc006</value>
         <object_component_ref idref="oc-b1"/>
      </symbol>
      <symbol id="sm-2c2">
         <name>_Iq_carga_filtrada</name>
         <value>0xc048</value>
         <object_component_ref idref="oc-b1"/>
      </symbol>
      <symbol id="sm-2c3">
         <name>_Veff_sp</name>
         <value>0xc026</value>
         <object_component_ref idref="oc-b1"/>
      </symbol>
      <symbol id="sm-2c4">
         <name>_rc_tmp</name>
         <value>0xc00c</value>
         <object_component_ref idref="oc-b1"/>
      </symbol>
      <symbol id="sm-2c5">
         <name>_VBUS</name>
         <value>0xc07a</value>
         <object_component_ref idref="oc-b1"/>
      </symbol>
      <symbol id="sm-2c6">
         <name>_ABC_DQ_Icarga</name>
         <value>0xc180</value>
         <object_component_ref idref="oc-b1"/>
      </symbol>
      <symbol id="sm-2c7">
         <name>_ABC_DQ_Igrid</name>
         <value>0xc154</value>
         <object_component_ref idref="oc-b1"/>
      </symbol>
      <symbol id="sm-2c8">
         <name>_ProteccionExtCorriente</name>
         <value>0x94a6</value>
         <object_component_ref idref="oc-b2"/>
      </symbol>
      <symbol id="sm-2c9">
         <name>_TZ_Protection</name>
         <value>0x9b68</value>
         <object_component_ref idref="oc-107"/>
      </symbol>
      <symbol id="sm-2ca">
         <name>_VDC_FLAG</name>
         <value>0xc005</value>
         <object_component_ref idref="oc-b1"/>
      </symbol>
      <symbol id="sm-2cb">
         <name>_desfasaje</name>
         <value>0xc07e</value>
         <object_component_ref idref="oc-b1"/>
      </symbol>
      <symbol id="sm-2cc">
         <name>_rampa</name>
         <value>0xc0b2</value>
         <object_component_ref idref="oc-b1"/>
      </symbol>
      <symbol id="sm-2cd">
         <name>_Id_sp</name>
         <value>0xc028</value>
         <object_component_ref idref="oc-b1"/>
      </symbol>
      <symbol id="sm-2ce">
         <name>_Id_carga_filtrada</name>
         <value>0xc046</value>
         <object_component_ref idref="oc-b1"/>
      </symbol>
      <symbol id="sm-2cf">
         <name>_t2</name>
         <value>0xc016</value>
         <object_component_ref idref="oc-b1"/>
      </symbol>
      <symbol id="sm-2d0">
         <name>_t1</name>
         <value>0xc014</value>
         <object_component_ref idref="oc-b1"/>
      </symbol>
      <symbol id="sm-2d1">
         <name>_V_Q</name>
         <value>0xc08c</value>
         <object_component_ref idref="oc-b1"/>
      </symbol>
      <symbol id="sm-2d2">
         <name>_V_D</name>
         <value>0xc08a</value>
         <object_component_ref idref="oc-b1"/>
      </symbol>
      <symbol id="sm-2d3">
         <name>_clarke_corriente</name>
         <value>0xc0a0</value>
         <object_component_ref idref="oc-b1"/>
      </symbol>
      <symbol id="sm-2d4">
         <name>_Vq_inv</name>
         <value>0xc074</value>
         <object_component_ref idref="oc-b1"/>
      </symbol>
      <symbol id="sm-2d5">
         <name>_Iq_carga</name>
         <value>0xc078</value>
         <object_component_ref idref="oc-b1"/>
      </symbol>
      <symbol id="sm-2d6">
         <name>_cont_ciclos_flag</name>
         <value>0xc009</value>
         <object_component_ref idref="oc-b1"/>
      </symbol>
      <symbol id="sm-2d7">
         <name>_Veff_grid</name>
         <value>0xc024</value>
         <object_component_ref idref="oc-b1"/>
      </symbol>
      <symbol id="sm-2d8">
         <name>_VgridU</name>
         <value>0xc050</value>
         <object_component_ref idref="oc-b1"/>
      </symbol>
      <symbol id="sm-2d9">
         <name>_VgridW</name>
         <value>0xc054</value>
         <object_component_ref idref="oc-b1"/>
      </symbol>
      <symbol id="sm-2da">
         <name>_VgridV</name>
         <value>0xc052</value>
         <object_component_ref idref="oc-b1"/>
      </symbol>
      <symbol id="sm-2db">
         <name>_BASE_CURRENT</name>
         <value>0xc038</value>
         <object_component_ref idref="oc-b1"/>
      </symbol>
      <symbol id="sm-2dc">
         <name>_pwm1</name>
         <value>0xc090</value>
         <object_component_ref idref="oc-b1"/>
      </symbol>
      <symbol id="sm-2dd">
         <name>_Imax</name>
         <value>0xc030</value>
         <object_component_ref idref="oc-b1"/>
      </symbol>
      <symbol id="sm-2de">
         <name>_epwm1_tzint_isr</name>
         <value>0x94d6</value>
         <object_component_ref idref="oc-b2"/>
      </symbol>
      <symbol id="sm-2df">
         <name>_IgridU</name>
         <value>0xc062</value>
         <object_component_ref idref="oc-b1"/>
      </symbol>
      <symbol id="sm-2e0">
         <name>_IgridW</name>
         <value>0xc066</value>
         <object_component_ref idref="oc-b1"/>
      </symbol>
      <symbol id="sm-2e1">
         <name>_IgridV</name>
         <value>0xc064</value>
         <object_component_ref idref="oc-b1"/>
      </symbol>
      <symbol id="sm-2e2">
         <name>_pid_vout</name>
         <value>0xc1c0</value>
         <object_component_ref idref="oc-b1"/>
      </symbol>
      <symbol id="sm-2e3">
         <name>_vectdq</name>
         <value>0xc0a8</value>
         <object_component_ref idref="oc-b1"/>
      </symbol>
      <symbol id="sm-2e4">
         <name>_rc_vd_arranque</name>
         <value>0xc11c</value>
         <object_component_ref idref="oc-b1"/>
      </symbol>
      <symbol id="sm-2e5">
         <name>_Vd_inv_filtrada</name>
         <value>0xc03c</value>
         <object_component_ref idref="oc-b1"/>
      </symbol>
      <symbol id="sm-2e6">
         <name>_error</name>
         <value>0xc04c</value>
         <object_component_ref idref="oc-b1"/>
      </symbol>
      <symbol id="sm-2e7">
         <name>_EPwm1TZIntCount</name>
         <value>0xc020</value>
         <object_component_ref idref="oc-b1"/>
      </symbol>
      <symbol id="sm-2e8">
         <name>_Tmp</name>
         <value>0xc01e</value>
         <object_component_ref idref="oc-b1"/>
      </symbol>
      <symbol id="sm-2e9">
         <name>_IEFF_FLAG</name>
         <value>0xc008</value>
         <object_component_ref idref="oc-b1"/>
      </symbol>
      <symbol id="sm-2ea">
         <name>_ABC_DQ_Vinversor</name>
         <value>0xc168</value>
         <object_component_ref idref="oc-b1"/>
      </symbol>
      <symbol id="sm-2eb">
         <name>_prueba</name>
         <value>0xc003</value>
         <object_component_ref idref="oc-b1"/>
      </symbol>
      <symbol id="sm-2ec">
         <name>_rc1</name>
         <value>0xc0ea</value>
         <object_component_ref idref="oc-b1"/>
      </symbol>
      <symbol id="sm-2ed">
         <name>_IBUS</name>
         <value>0xc068</value>
         <object_component_ref idref="oc-b1"/>
      </symbol>
      <symbol id="sm-2ee">
         <name>_Id_grid</name>
         <value>0xc06e</value>
         <object_component_ref idref="oc-b1"/>
      </symbol>
      <symbol id="sm-2ef">
         <name>_park_tension_salida</name>
         <value>0xc0ce</value>
         <object_component_ref idref="oc-b1"/>
      </symbol>
      <symbol id="sm-2f0">
         <name>_theta</name>
         <value>0xc04e</value>
         <object_component_ref idref="oc-b1"/>
      </symbol>
      <symbol id="sm-2f1">
         <name>_temp_sv1</name>
         <value>0xc018</value>
         <object_component_ref idref="oc-b1"/>
      </symbol>
      <symbol id="sm-2f2">
         <name>_temp_sv2</name>
         <value>0xc01a</value>
         <object_component_ref idref="oc-b1"/>
      </symbol>
      <symbol id="sm-2f3">
         <name>_Iq_grid</name>
         <value>0xc070</value>
         <object_component_ref idref="oc-b1"/>
      </symbol>
      <symbol id="sm-2f4">
         <name>_VinversorW</name>
         <value>0xc05a</value>
         <object_component_ref idref="oc-b1"/>
      </symbol>
      <symbol id="sm-2f5">
         <name>_VinversorV</name>
         <value>0xc058</value>
         <object_component_ref idref="oc-b1"/>
      </symbol>
      <symbol id="sm-2f6">
         <name>_VinversorU</name>
         <value>0xc056</value>
         <object_component_ref idref="oc-b1"/>
      </symbol>
      <symbol id="sm-2f7">
         <name>_volt1</name>
         <value>0xc12a</value>
         <object_component_ref idref="oc-b1"/>
      </symbol>
      <symbol id="sm-2f8">
         <name>_IcargaU</name>
         <value>0xc05c</value>
         <object_component_ref idref="oc-b1"/>
      </symbol>
      <symbol id="sm-2f9">
         <name>_IcargaW</name>
         <value>0xc060</value>
         <object_component_ref idref="oc-b1"/>
      </symbol>
      <symbol id="sm-2fa">
         <name>_IcargaV</name>
         <value>0xc05e</value>
         <object_component_ref idref="oc-b1"/>
      </symbol>
      <symbol id="sm-2fb">
         <name>_theta_PLL_sinfiltro</name>
         <value>0xc07c</value>
         <object_component_ref idref="oc-b1"/>
      </symbol>
      <symbol id="sm-2fc">
         <name>_theta_PLL</name>
         <value>0xc082</value>
         <object_component_ref idref="oc-b1"/>
      </symbol>
      <symbol id="sm-2fd">
         <name>_B1</name>
         <value>0xc086</value>
         <object_component_ref idref="oc-b1"/>
      </symbol>
      <symbol id="sm-2fe">
         <name>_B0</name>
         <value>0xc084</value>
         <object_component_ref idref="oc-b1"/>
      </symbol>
      <symbol id="sm-2ff">
         <name>_I_INST_LIM_FLAG</name>
         <value>0xc004</value>
         <object_component_ref idref="oc-b1"/>
      </symbol>
      <symbol id="sm-300">
         <name>_rciq</name>
         <value>0xc10e</value>
         <object_component_ref idref="oc-b1"/>
      </symbol>
      <symbol id="sm-301">
         <name>_rcid</name>
         <value>0xc100</value>
         <object_component_ref idref="oc-b1"/>
      </symbol>
      <symbol id="sm-302">
         <name>_Vq_inv_filtrada</name>
         <value>0xc03a</value>
         <object_component_ref idref="oc-b1"/>
      </symbol>
      <symbol id="sm-303">
         <name>_Comp</name>
         <value>0xc088</value>
         <object_component_ref idref="oc-b1"/>
      </symbol>
      <symbol id="sm-304">
         <name>_Ieff_grid</name>
         <value>0xc02e</value>
         <object_component_ref idref="oc-b1"/>
      </symbol>
      <symbol id="sm-305">
         <name>_Vd_inv</name>
         <value>0xc072</value>
         <object_component_ref idref="oc-b1"/>
      </symbol>
      <symbol id="sm-306">
         <name>_Id_carga</name>
         <value>0xc076</value>
         <object_component_ref idref="oc-b1"/>
      </symbol>
      <symbol id="sm-307">
         <name>_Sector</name>
         <value>0xc000</value>
         <object_component_ref idref="oc-b1"/>
      </symbol>
      <symbol id="sm-308">
         <name>_Ieff_carga</name>
         <value>0xc02c</value>
         <object_component_ref idref="oc-b1"/>
      </symbol>
      <symbol id="sm-309">
         <name>_frecuencia</name>
         <value>0xc032</value>
         <object_component_ref idref="oc-b1"/>
      </symbol>
      <symbol id="sm-30a">
         <name>_Vd_grid_filtrada</name>
         <value>0xc040</value>
         <object_component_ref idref="oc-b1"/>
      </symbol>
      <symbol id="sm-30b">
         <name>_Vq_grid_filtrada</name>
         <value>0xc03e</value>
         <object_component_ref idref="oc-b1"/>
      </symbol>
      <symbol id="sm-30c">
         <name>_park_corriente</name>
         <value>0xc0dc</value>
         <object_component_ref idref="oc-b1"/>
      </symbol>
      <symbol id="sm-30d">
         <name>_MPeriod</name>
         <value>0xc001</value>
         <object_component_ref idref="oc-b1"/>
      </symbol>
      <symbol id="sm-30e">
         <name>_VEFF_FLAG</name>
         <value>0xc007</value>
         <object_component_ref idref="oc-b1"/>
      </symbol>
      <symbol id="sm-30f">
         <name>_buffer_theta</name>
         <value>0xce80</value>
         <object_component_ref idref="oc-ff"/>
      </symbol>
      <symbol id="sm-310">
         <name>_Vd_grid</name>
         <value>0xc06a</value>
         <object_component_ref idref="oc-b1"/>
      </symbol>
      <symbol id="sm-311">
         <name>_gananciaQ</name>
         <value>0xc034</value>
         <object_component_ref idref="oc-b1"/>
      </symbol>
      <symbol id="sm-312">
         <name>_Vq_grid</name>
         <value>0xc06c</value>
         <object_component_ref idref="oc-b1"/>
      </symbol>
      <symbol id="sm-313">
         <name>_gananciaD</name>
         <value>0xc036</value>
         <object_component_ref idref="oc-b1"/>
      </symbol>
      <symbol id="sm-314">
         <name>_Veff_inv</name>
         <value>0xc022</value>
         <object_component_ref idref="oc-b1"/>
      </symbol>
      <symbol id="sm-315">
         <name>_buffer_rampa</name>
         <value>0xccc0</value>
         <object_component_ref idref="oc-100"/>
      </symbol>
      <symbol id="sm-316">
         <name>_buffer_VinvU</name>
         <value>0xc780</value>
         <object_component_ref idref="oc-103"/>
      </symbol>
      <symbol id="sm-317">
         <name>_buffer_VinvW</name>
         <value>0xcb00</value>
         <object_component_ref idref="oc-101"/>
      </symbol>
      <symbol id="sm-318">
         <name>_buffer_VinvV</name>
         <value>0xc940</value>
         <object_component_ref idref="oc-102"/>
      </symbol>
      <symbol id="sm-319">
         <name>_clarke_tension_salida</name>
         <value>0xc098</value>
         <object_component_ref idref="oc-b1"/>
      </symbol>
      <symbol id="sm-31a">
         <name>_AcknowledgeTZ</name>
         <value>0xc00a</value>
         <object_component_ref idref="oc-b1"/>
      </symbol>
      <symbol id="sm-31b">
         <name>_a</name>
         <value>0xc080</value>
         <object_component_ref idref="oc-b1"/>
      </symbol>
      <symbol id="sm-31c">
         <name>_STOP</name>
         <value>0xc002</value>
         <object_component_ref idref="oc-b1"/>
      </symbol>
      <symbol id="sm-31d">
         <name>_ABC_DQ_Vgrid</name>
         <value>0xc140</value>
         <object_component_ref idref="oc-b1"/>
      </symbol>
      <symbol id="sm-31e">
         <name>_Iq_sp</name>
         <value>0xc02a</value>
         <object_component_ref idref="oc-b1"/>
      </symbol>
      <symbol id="sm-31f">
         <name>_buffer_VgridU</name>
         <value>0xc240</value>
         <object_component_ref idref="oc-106"/>
      </symbol>
      <symbol id="sm-320">
         <name>_buffer_VgridV</name>
         <value>0xc400</value>
         <object_component_ref idref="oc-105"/>
      </symbol>
      <symbol id="sm-321">
         <name>_buffer_VgridW</name>
         <value>0xc5c0</value>
         <object_component_ref idref="oc-104"/>
      </symbol>
      <symbol id="sm-322">
         <name>_Id_grid_filtrada</name>
         <value>0xc044</value>
         <object_component_ref idref="oc-b1"/>
      </symbol>
      <symbol id="sm-323">
         <name>_delay_loop</name>
         <value>0x9b58</value>
         <object_component_ref idref="oc-107"/>
      </symbol>
      <symbol id="sm-324">
         <name>_PLL_grid</name>
         <value>0xc194</value>
         <object_component_ref idref="oc-b1"/>
      </symbol>
      <symbol id="sm-325">
         <name>_Iq_grid_filtrada</name>
         <value>0xc042</value>
         <object_component_ref idref="oc-b1"/>
      </symbol>
      <symbol id="sm-336">
         <name>FS$$DIV</name>
         <value>0x9cd1</value>
         <object_component_ref idref="oc-b7"/>
      </symbol>
      <symbol id="sm-351">
         <name>_c_int00</name>
         <value>0x9e15</value>
         <object_component_ref idref="oc-bc"/>
      </symbol>
      <symbol id="sm-352">
         <name>__stack</name>
         <value>0x400</value>
         <object_component_ref idref="oc-bd"/>
      </symbol>
      <symbol id="sm-361">
         <name>__args_main</name>
         <value>0x9f68</value>
         <object_component_ref idref="oc-10b"/>
      </symbol>
      <symbol id="sm-36e">
         <name>__system_post_cinit</name>
         <value>0x9f97</value>
         <object_component_ref idref="oc-10a"/>
      </symbol>
      <symbol id="sm-37a">
         <name>__system_pre_init</name>
         <value>0x9f95</value>
         <object_component_ref idref="oc-108"/>
      </symbol>
      <symbol id="sm-389">
         <name>_copy_in</name>
         <value>0x9f27</value>
         <object_component_ref idref="oc-109"/>
      </symbol>
      <symbol id="sm-397">
         <name>_cos</name>
         <value>0x9d59</value>
         <object_component_ref idref="oc-fe"/>
      </symbol>
      <symbol id="sm-398">
         <name>_cosf</name>
         <value>0x9d59</value>
         <object_component_ref idref="oc-fe"/>
      </symbol>
      <symbol id="sm-3ac">
         <name>C$$EXIT</name>
         <value>0x9ed7</value>
         <object_component_ref idref="oc-10c"/>
      </symbol>
      <symbol id="sm-3ad">
         <name>_exit</name>
         <value>0x9ed9</value>
         <object_component_ref idref="oc-10c"/>
      </symbol>
      <symbol id="sm-3ae">
         <name>___TI_cleanup_ptr</name>
         <value>0xc222</value>
         <object_component_ref idref="oc-de"/>
      </symbol>
      <symbol id="sm-3af">
         <name>___TI_enable_exit_profile_output</name>
         <value>0xc220</value>
         <object_component_ref idref="oc-de"/>
      </symbol>
      <symbol id="sm-3b0">
         <name>_abort</name>
         <value>0x9ed7</value>
         <object_component_ref idref="oc-10c"/>
      </symbol>
      <symbol id="sm-3b1">
         <name>___TI_dtors_ptr</name>
         <value>0xc224</value>
         <object_component_ref idref="oc-de"/>
      </symbol>
      <symbol id="sm-3c5">
         <name>__unlock</name>
         <value>0xc228</value>
         <object_component_ref idref="oc-114"/>
      </symbol>
      <symbol id="sm-3c6">
         <name>__lock</name>
         <value>0xc226</value>
         <object_component_ref idref="oc-110"/>
      </symbol>
      <symbol id="sm-3c7">
         <name>__register_lock</name>
         <value>0x9f88</value>
         <object_component_ref idref="oc-112"/>
      </symbol>
      <symbol id="sm-3c8">
         <name>__nop</name>
         <value>0x9f8c</value>
         <object_component_ref idref="oc-112"/>
      </symbol>
      <symbol id="sm-3c9">
         <name>__register_unlock</name>
         <value>0x9f84</value>
         <object_component_ref idref="oc-112"/>
      </symbol>
      <symbol id="sm-3da">
         <name>_memcpy</name>
         <value>0x9f4b</value>
         <object_component_ref idref="oc-10f"/>
      </symbol>
      <symbol id="sm-3e7">
         <name>_sin</name>
         <value>0x9dbc</value>
         <object_component_ref idref="oc-fd"/>
      </symbol>
      <symbol id="sm-3e8">
         <name>_sinf</name>
         <value>0x9dbc</value>
         <object_component_ref idref="oc-fd"/>
      </symbol>
      <symbol id="sm-3f8">
         <name>_sqrtf</name>
         <value>0x9f00</value>
         <object_component_ref idref="oc-fc"/>
      </symbol>
      <symbol id="sm-3f9">
         <name>_sqrt</name>
         <value>0x9f00</value>
         <object_component_ref idref="oc-fc"/>
      </symbol>
      <symbol id="sm-403">
         <name>_errno</name>
         <value>0xc22a</value>
         <object_component_ref idref="oc-f9"/>
      </symbol>
   </symbol_table>
   <title>Link successful</title>
</link_info>
